ARM GAS  C:\Users\danie\AppData\Local\Temp\ccdYmbdr.s 			page 1


   1              		.cpu cortex-m4
   2              		.arch armv7e-m
   3              		.fpu fpv4-sp-d16
   4              		.eabi_attribute 27, 1
   5              		.eabi_attribute 28, 1
   6              		.eabi_attribute 20, 1
   7              		.eabi_attribute 21, 1
   8              		.eabi_attribute 23, 3
   9              		.eabi_attribute 24, 1
  10              		.eabi_attribute 25, 1
  11              		.eabi_attribute 26, 1
  12              		.eabi_attribute 30, 1
  13              		.eabi_attribute 34, 1
  14              		.eabi_attribute 18, 4
  15              		.file	"main.c"
  16              		.text
  17              	.Ltext0:
  18              		.cfi_sections	.debug_frame
  19              		.file 1 "Core/Src/main.c"
  20              		.section	.text.MX_GPIO_Init,"ax",%progbits
  21              		.align	1
  22              		.syntax unified
  23              		.thumb
  24              		.thumb_func
  26              	MX_GPIO_Init:
  27              	.LFB132:
   1:Core/Src/main.c **** /* USER CODE BEGIN Header */
   2:Core/Src/main.c **** /**
   3:Core/Src/main.c ****   ******************************************************************************
   4:Core/Src/main.c ****   * @file           : main.c
   5:Core/Src/main.c ****   * @brief          : Main program body
   6:Core/Src/main.c ****   ******************************************************************************
   7:Core/Src/main.c ****   * @attention
   8:Core/Src/main.c ****   *
   9:Core/Src/main.c ****   * Copyright (c) 2025 STMicroelectronics.
  10:Core/Src/main.c ****   * All rights reserved.
  11:Core/Src/main.c ****   *
  12:Core/Src/main.c ****   * This software is licensed under terms that can be found in the LICENSE file
  13:Core/Src/main.c ****   * in the root directory of this software component.
  14:Core/Src/main.c ****   * If no LICENSE file comes with this software, it is provided AS-IS.
  15:Core/Src/main.c ****   *
  16:Core/Src/main.c ****   ******************************************************************************
  17:Core/Src/main.c ****   */
  18:Core/Src/main.c **** /* USER CODE END Header */
  19:Core/Src/main.c **** /* Includes ------------------------------------------------------------------*/
  20:Core/Src/main.c **** #include "main.h"
  21:Core/Src/main.c **** 
  22:Core/Src/main.c **** /* Private includes ----------------------------------------------------------*/
  23:Core/Src/main.c **** /* USER CODE BEGIN Includes */
  24:Core/Src/main.c **** #include <stdint.h>
  25:Core/Src/main.c **** #include "stm32f4xx.h"
  26:Core/Src/main.c **** /* USER CODE END Includes */
  27:Core/Src/main.c **** #define MAX_ITER 900
  28:Core/Src/main.c **** /* Private typedef -----------------------------------------------------------*/
  29:Core/Src/main.c **** /* USER CODE BEGIN PTD */
  30:Core/Src/main.c **** 
  31:Core/Src/main.c **** /* USER CODE END PTD */
ARM GAS  C:\Users\danie\AppData\Local\Temp\ccdYmbdr.s 			page 2


  32:Core/Src/main.c **** 
  33:Core/Src/main.c **** /* Private define ------------------------------------------------------------*/
  34:Core/Src/main.c **** /* USER CODE BEGIN PD */
  35:Core/Src/main.c **** //TODO: Define and initialise the global varibales required
  36:Core/Src/main.c **** uint32_t start_time, end_time;
  37:Core/Src/main.c **** uint64_t checksum;
  38:Core/Src/main.c **** uint32_t execution_time;
  39:Core/Src/main.c **** int side_length[] = {128, 160, 192, 224, 256};
  40:Core/Src/main.c **** /* USER CODE END PD */
  41:Core/Src/main.c **** 
  42:Core/Src/main.c **** /* Private macro -------------------------------------------------------------*/
  43:Core/Src/main.c **** /* USER CODE BEGIN PM */
  44:Core/Src/main.c **** 
  45:Core/Src/main.c **** /* USER CODE END PM */
  46:Core/Src/main.c **** 
  47:Core/Src/main.c **** /* Private variables ---------------------------------------------------------*/
  48:Core/Src/main.c **** 
  49:Core/Src/main.c **** /* USER CODE BEGIN PV */
  50:Core/Src/main.c **** 
  51:Core/Src/main.c **** /* USER CODE END PV */
  52:Core/Src/main.c **** 
  53:Core/Src/main.c **** /* Private function prototypes -----------------------------------------------*/
  54:Core/Src/main.c **** void SystemClock_Config(void);
  55:Core/Src/main.c **** static void MX_GPIO_Init(void);
  56:Core/Src/main.c **** /* USER CODE BEGIN PFP */
  57:Core/Src/main.c **** uint64_t calculate_mandelbrot_fixed_point_arithmetic(int width, int height, int max_iterations);
  58:Core/Src/main.c **** uint64_t calculate_mandelbrot_double(int width, int height, int max_iterations);
  59:Core/Src/main.c **** /* USER CODE END PFP */
  60:Core/Src/main.c **** 
  61:Core/Src/main.c **** /* Private user code ---------------------------------------------------------*/
  62:Core/Src/main.c **** /* USER CODE BEGIN 0 */
  63:Core/Src/main.c **** 
  64:Core/Src/main.c **** /* USER CODE END 0 */
  65:Core/Src/main.c **** 
  66:Core/Src/main.c **** /**
  67:Core/Src/main.c ****   * @brief  The application entry point.
  68:Core/Src/main.c ****   * @retval int
  69:Core/Src/main.c ****   */
  70:Core/Src/main.c **** int main(void)
  71:Core/Src/main.c **** {
  72:Core/Src/main.c ****   /* USER CODE BEGIN 1 */
  73:Core/Src/main.c **** 
  74:Core/Src/main.c ****   /* USER CODE END 1 */
  75:Core/Src/main.c **** 
  76:Core/Src/main.c ****   /* MCU Configuration--------------------------------------------------------*/
  77:Core/Src/main.c **** 
  78:Core/Src/main.c ****   /* Reset of all peripherals, Initializes the Flash interface and the Systick. */
  79:Core/Src/main.c ****   HAL_Init();
  80:Core/Src/main.c **** 
  81:Core/Src/main.c ****   /* USER CODE BEGIN Init */
  82:Core/Src/main.c **** 
  83:Core/Src/main.c ****   /* USER CODE END Init */
  84:Core/Src/main.c **** 
  85:Core/Src/main.c ****   /* Configure the system clock */
  86:Core/Src/main.c ****   SystemClock_Config();
  87:Core/Src/main.c **** 
  88:Core/Src/main.c ****   /* USER CODE BEGIN SysInit */
ARM GAS  C:\Users\danie\AppData\Local\Temp\ccdYmbdr.s 			page 3


  89:Core/Src/main.c **** 
  90:Core/Src/main.c ****   /* USER CODE END SysInit */
  91:Core/Src/main.c **** 
  92:Core/Src/main.c ****   /* Initialize all configured peripherals */
  93:Core/Src/main.c ****   MX_GPIO_Init();
  94:Core/Src/main.c ****   /* USER CODE BEGIN 2 */
  95:Core/Src/main.c ****   //TODO: Turn on LED 0 to signify the start of the operation
  96:Core/Src/main.c ****     HAL_GPIO_WritePin(GPIOB, GPIO_PIN_0, GPIO_PIN_SET);
  97:Core/Src/main.c ****   //TODO: Record the start time
  98:Core/Src/main.c ****   start_time=HAL_GetTick();
  99:Core/Src/main.c **** 
 100:Core/Src/main.c ****   //TODO: Call the Mandelbrot Function and store the output in the checksum variable defined initia
 101:Core/Src/main.c ****   checksum = calculate_mandelbrot_fixed_point_arithmetic(side_length[4],side_length[4],MAX_ITER);
 102:Core/Src/main.c **** 
 103:Core/Src/main.c ****   //TODO: Record the end time
 104:Core/Src/main.c ****   end_time=HAL_GetTick();
 105:Core/Src/main.c **** 
 106:Core/Src/main.c ****   //TODO: Calculate the execution time
 107:Core/Src/main.c ****   execution_time= end_time-start_time;
 108:Core/Src/main.c **** 
 109:Core/Src/main.c ****   //TODO: Turn on LED 1 to signify the end of the operation
 110:Core/Src/main.c ****   HAL_GPIO_WritePin(GPIOB, GPIO_PIN_1, GPIO_PIN_SET);
 111:Core/Src/main.c **** 
 112:Core/Src/main.c ****   //TODO: Hold the LEDs on for a 1s delay
 113:Core/Src/main.c ****   HAL_Delay(1000);
 114:Core/Src/main.c ****   //TODO: Turn off the LEDs
 115:Core/Src/main.c ****   HAL_GPIO_WritePin(GPIOB, GPIO_PIN_0, GPIO_PIN_RESET);
 116:Core/Src/main.c ****   HAL_GPIO_WritePin(GPIOB, GPIO_PIN_1, GPIO_PIN_RESET);
 117:Core/Src/main.c ****   /* USER CODE END 2 */
 118:Core/Src/main.c **** 
 119:Core/Src/main.c ****   /* Infinite loop */
 120:Core/Src/main.c ****   /* USER CODE BEGIN WHILE */
 121:Core/Src/main.c ****   while (1)
 122:Core/Src/main.c ****   {
 123:Core/Src/main.c **** 
 124:Core/Src/main.c ****     /* USER CODE END WHILE */
 125:Core/Src/main.c **** 
 126:Core/Src/main.c ****     /* USER CODE BEGIN 3 */
 127:Core/Src/main.c **** 	  // Toggle the LEDs with a 1s delay
 128:Core/Src/main.c **** 	  // Code to check if the board is working
 129:Core/Src/main.c **** 	  	  /*HAL_GPIO_TogglePin(GPIOB, GPIO_PIN_0|GPIO_PIN_1|GPIO_PIN_2|GPIO_PIN_3
 130:Core/Src/main.c **** 	                            |GPIO_PIN_4|GPIO_PIN_5|GPIO_PIN_6|GPIO_PIN_7);
 131:Core/Src/main.c **** 
 132:Core/Src/main.c **** 	  	  HAL_Delay(1000);*/
 133:Core/Src/main.c ****   }
 134:Core/Src/main.c ****   /* USER CODE END 3 */
 135:Core/Src/main.c **** }
 136:Core/Src/main.c **** 
 137:Core/Src/main.c **** /**
 138:Core/Src/main.c ****   * @brief System Clock Configuration
 139:Core/Src/main.c ****   * @retval None
 140:Core/Src/main.c ****   */
 141:Core/Src/main.c **** void SystemClock_Config(void)
 142:Core/Src/main.c **** {
 143:Core/Src/main.c ****   RCC_OscInitTypeDef RCC_OscInitStruct = {0};
 144:Core/Src/main.c ****   RCC_ClkInitTypeDef RCC_ClkInitStruct = {0};
 145:Core/Src/main.c **** 
ARM GAS  C:\Users\danie\AppData\Local\Temp\ccdYmbdr.s 			page 4


 146:Core/Src/main.c ****   /** Configure the main internal regulator output voltage
 147:Core/Src/main.c ****   */
 148:Core/Src/main.c ****   __HAL_RCC_PWR_CLK_ENABLE();
 149:Core/Src/main.c ****   __HAL_PWR_VOLTAGESCALING_CONFIG(PWR_REGULATOR_VOLTAGE_SCALE3);
 150:Core/Src/main.c **** 
 151:Core/Src/main.c ****   /** Initializes the RCC Oscillators according to the specified parameters
 152:Core/Src/main.c ****   * in the RCC_OscInitTypeDef structure.
 153:Core/Src/main.c ****   */
 154:Core/Src/main.c ****   RCC_OscInitStruct.OscillatorType = RCC_OSCILLATORTYPE_HSI;
 155:Core/Src/main.c ****   RCC_OscInitStruct.HSIState = RCC_HSI_ON;
 156:Core/Src/main.c ****   RCC_OscInitStruct.HSICalibrationValue = RCC_HSICALIBRATION_DEFAULT;
 157:Core/Src/main.c ****   RCC_OscInitStruct.PLL.PLLState = RCC_PLL_NONE;
 158:Core/Src/main.c ****   if (HAL_RCC_OscConfig(&RCC_OscInitStruct) != HAL_OK)
 159:Core/Src/main.c ****   {
 160:Core/Src/main.c ****     Error_Handler();
 161:Core/Src/main.c ****   }
 162:Core/Src/main.c **** 
 163:Core/Src/main.c ****   /** Initializes the CPU, AHB and APB buses clocks
 164:Core/Src/main.c ****   */
 165:Core/Src/main.c ****   RCC_ClkInitStruct.ClockType = RCC_CLOCKTYPE_HCLK|RCC_CLOCKTYPE_SYSCLK
 166:Core/Src/main.c ****                               |RCC_CLOCKTYPE_PCLK1|RCC_CLOCKTYPE_PCLK2;
 167:Core/Src/main.c ****   RCC_ClkInitStruct.SYSCLKSource = RCC_SYSCLKSOURCE_HSI;
 168:Core/Src/main.c ****   RCC_ClkInitStruct.AHBCLKDivider = RCC_SYSCLK_DIV1;
 169:Core/Src/main.c ****   RCC_ClkInitStruct.APB1CLKDivider = RCC_HCLK_DIV1;
 170:Core/Src/main.c ****   RCC_ClkInitStruct.APB2CLKDivider = RCC_HCLK_DIV1;
 171:Core/Src/main.c **** 
 172:Core/Src/main.c ****   if (HAL_RCC_ClockConfig(&RCC_ClkInitStruct, FLASH_LATENCY_0) != HAL_OK)
 173:Core/Src/main.c ****   {
 174:Core/Src/main.c ****     Error_Handler();
 175:Core/Src/main.c ****   }
 176:Core/Src/main.c **** }
 177:Core/Src/main.c **** 
 178:Core/Src/main.c **** /**
 179:Core/Src/main.c ****   * @brief GPIO Initialization Function
 180:Core/Src/main.c ****   * @param None
 181:Core/Src/main.c ****   * @retval None
 182:Core/Src/main.c ****   */
 183:Core/Src/main.c **** static void MX_GPIO_Init(void)
 184:Core/Src/main.c **** {
  28              		.loc 1 184 1 view -0
  29              		.cfi_startproc
  30              		@ args = 0, pretend = 0, frame = 24
  31              		@ frame_needed = 0, uses_anonymous_args = 0
  32 0000 30B5     		push	{r4, r5, lr}
  33              	.LCFI0:
  34              		.cfi_def_cfa_offset 12
  35              		.cfi_offset 4, -12
  36              		.cfi_offset 5, -8
  37              		.cfi_offset 14, -4
  38 0002 87B0     		sub	sp, sp, #28
  39              	.LCFI1:
  40              		.cfi_def_cfa_offset 40
 185:Core/Src/main.c ****   GPIO_InitTypeDef GPIO_InitStruct = {0};
  41              		.loc 1 185 3 view .LVU1
  42              		.loc 1 185 20 is_stmt 0 view .LVU2
  43 0004 0024     		movs	r4, #0
  44 0006 0194     		str	r4, [sp, #4]
ARM GAS  C:\Users\danie\AppData\Local\Temp\ccdYmbdr.s 			page 5


  45 0008 0294     		str	r4, [sp, #8]
  46 000a 0394     		str	r4, [sp, #12]
  47 000c 0494     		str	r4, [sp, #16]
  48 000e 0594     		str	r4, [sp, #20]
 186:Core/Src/main.c **** /* USER CODE BEGIN MX_GPIO_Init_1 */
 187:Core/Src/main.c **** /* USER CODE END MX_GPIO_Init_1 */
 188:Core/Src/main.c **** 
 189:Core/Src/main.c ****   /* GPIO Ports Clock Enable */
 190:Core/Src/main.c ****   __HAL_RCC_GPIOB_CLK_ENABLE();
  49              		.loc 1 190 3 is_stmt 1 view .LVU3
  50              	.LBB4:
  51              		.loc 1 190 3 view .LVU4
  52 0010 0094     		str	r4, [sp]
  53              		.loc 1 190 3 view .LVU5
  54 0012 0E4B     		ldr	r3, .L3
  55 0014 1A6B     		ldr	r2, [r3, #48]
  56 0016 42F00202 		orr	r2, r2, #2
  57 001a 1A63     		str	r2, [r3, #48]
  58              		.loc 1 190 3 view .LVU6
  59 001c 1B6B     		ldr	r3, [r3, #48]
  60 001e 03F00203 		and	r3, r3, #2
  61 0022 0093     		str	r3, [sp]
  62              		.loc 1 190 3 view .LVU7
  63 0024 009B     		ldr	r3, [sp]
  64              	.LBE4:
  65              		.loc 1 190 3 view .LVU8
 191:Core/Src/main.c **** 
 192:Core/Src/main.c ****   /*Configure GPIO pin Output Level */
 193:Core/Src/main.c ****   HAL_GPIO_WritePin(GPIOB, GPIO_PIN_0|GPIO_PIN_1|GPIO_PIN_2|GPIO_PIN_3
  66              		.loc 1 193 3 view .LVU9
  67 0026 0A4D     		ldr	r5, .L3+4
  68 0028 2246     		mov	r2, r4
  69 002a FF21     		movs	r1, #255
  70 002c 2846     		mov	r0, r5
  71 002e FFF7FEFF 		bl	HAL_GPIO_WritePin
  72              	.LVL0:
 194:Core/Src/main.c ****                           |GPIO_PIN_4|GPIO_PIN_5|GPIO_PIN_6|GPIO_PIN_7, GPIO_PIN_RESET);
 195:Core/Src/main.c **** 
 196:Core/Src/main.c ****   /*Configure GPIO pins : PB0 PB1 PB2 PB3
 197:Core/Src/main.c ****                            PB4 PB5 PB6 PB7 */
 198:Core/Src/main.c ****   GPIO_InitStruct.Pin = GPIO_PIN_0|GPIO_PIN_1|GPIO_PIN_2|GPIO_PIN_3
  73              		.loc 1 198 3 view .LVU10
  74              		.loc 1 198 23 is_stmt 0 view .LVU11
  75 0032 FF23     		movs	r3, #255
  76 0034 0193     		str	r3, [sp, #4]
 199:Core/Src/main.c ****                           |GPIO_PIN_4|GPIO_PIN_5|GPIO_PIN_6|GPIO_PIN_7;
 200:Core/Src/main.c ****   GPIO_InitStruct.Mode = GPIO_MODE_OUTPUT_PP;
  77              		.loc 1 200 3 is_stmt 1 view .LVU12
  78              		.loc 1 200 24 is_stmt 0 view .LVU13
  79 0036 0123     		movs	r3, #1
  80 0038 0293     		str	r3, [sp, #8]
 201:Core/Src/main.c ****   GPIO_InitStruct.Pull = GPIO_NOPULL;
  81              		.loc 1 201 3 is_stmt 1 view .LVU14
  82              		.loc 1 201 24 is_stmt 0 view .LVU15
  83 003a 0394     		str	r4, [sp, #12]
 202:Core/Src/main.c ****   GPIO_InitStruct.Speed = GPIO_SPEED_FREQ_LOW;
  84              		.loc 1 202 3 is_stmt 1 view .LVU16
ARM GAS  C:\Users\danie\AppData\Local\Temp\ccdYmbdr.s 			page 6


  85              		.loc 1 202 25 is_stmt 0 view .LVU17
  86 003c 0494     		str	r4, [sp, #16]
 203:Core/Src/main.c ****   HAL_GPIO_Init(GPIOB, &GPIO_InitStruct);
  87              		.loc 1 203 3 is_stmt 1 view .LVU18
  88 003e 01A9     		add	r1, sp, #4
  89 0040 2846     		mov	r0, r5
  90 0042 FFF7FEFF 		bl	HAL_GPIO_Init
  91              	.LVL1:
 204:Core/Src/main.c **** 
 205:Core/Src/main.c **** /* USER CODE BEGIN MX_GPIO_Init_2 */
 206:Core/Src/main.c **** /* USER CODE END MX_GPIO_Init_2 */
 207:Core/Src/main.c **** }
  92              		.loc 1 207 1 is_stmt 0 view .LVU19
  93 0046 07B0     		add	sp, sp, #28
  94              	.LCFI2:
  95              		.cfi_def_cfa_offset 12
  96              		@ sp needed
  97 0048 30BD     		pop	{r4, r5, pc}
  98              	.L4:
  99 004a 00BF     		.align	2
 100              	.L3:
 101 004c 00380240 		.word	1073887232
 102 0050 00040240 		.word	1073873920
 103              		.cfi_endproc
 104              	.LFE132:
 106              		.global	__aeabi_ldivmod
 107              		.section	.text.calculate_mandelbrot_fixed_point_arithmetic,"ax",%progbits
 108              		.align	1
 109              		.global	calculate_mandelbrot_fixed_point_arithmetic
 110              		.syntax unified
 111              		.thumb
 112              		.thumb_func
 114              	calculate_mandelbrot_fixed_point_arithmetic:
 115              	.LVL2:
 116              	.LFB133:
 208:Core/Src/main.c **** 
 209:Core/Src/main.c **** uint64_t calculate_mandelbrot_fixed_point_arithmetic(int width, int height, int max_iterations){
 117              		.loc 1 209 96 is_stmt 1 view -0
 118              		.cfi_startproc
 119              		@ args = 0, pretend = 0, frame = 40
 120              		@ frame_needed = 0, uses_anonymous_args = 0
 121              		.loc 1 209 96 is_stmt 0 view .LVU21
 122 0000 2DE9F04F 		push	{r4, r5, r6, r7, r8, r9, r10, fp, lr}
 123              	.LCFI3:
 124              		.cfi_def_cfa_offset 36
 125              		.cfi_offset 4, -36
 126              		.cfi_offset 5, -32
 127              		.cfi_offset 6, -28
 128              		.cfi_offset 7, -24
 129              		.cfi_offset 8, -20
 130              		.cfi_offset 9, -16
 131              		.cfi_offset 10, -12
 132              		.cfi_offset 11, -8
 133              		.cfi_offset 14, -4
 134 0004 8BB0     		sub	sp, sp, #44
 135              	.LCFI4:
 136              		.cfi_def_cfa_offset 80
ARM GAS  C:\Users\danie\AppData\Local\Temp\ccdYmbdr.s 			page 7


 137 0006 0891     		str	r1, [sp, #32]
 210:Core/Src/main.c ****   uint64_t mandelbrot_sum = 0;
 138              		.loc 1 210 3 is_stmt 1 view .LVU22
 139              	.LVL3:
 211:Core/Src/main.c ****   int scale = 16384;
 140              		.loc 1 211 3 view .LVU23
 212:Core/Src/main.c ****     //TODO: Complete the function implementation
 213:Core/Src/main.c ****     for (int y=0; y<height; y++) {
 141              		.loc 1 213 5 view .LVU24
 142              	.LBB5:
 143              		.loc 1 213 10 view .LVU25
 144              		.loc 1 213 14 is_stmt 0 view .LVU26
 145 0008 4FF0000A 		mov	r10, #0
 146              	.LBE5:
 210:Core/Src/main.c ****   int scale = 16384;
 147              		.loc 1 210 12 view .LVU27
 148 000c CDF80CA0 		str	r10, [sp, #12]
 149 0010 CDF810A0 		str	r10, [sp, #16]
 150 0014 5446     		mov	r4, r10
 151 0016 0990     		str	r0, [sp, #36]
 152 0018 1746     		mov	r7, r2
 153              	.LBB12:
 154              		.loc 1 213 5 view .LVU28
 155 001a B0E0     		b	.L6
 156              	.LVL4:
 157              	.L8:
 158              	.LBB6:
 159              	.LBB7:
 160              	.LBB8:
 214:Core/Src/main.c ****     	for (int x=0; x<width; x++) {
 215:Core/Src/main.c ****     		int64_t x0 = ((int64_t)x*scale*35)/(width*10)-(25*scale)/10;
 216:Core/Src/main.c ****     		int64_t y0 = ((int64_t)y*scale*2)/(height)-scale;
 217:Core/Src/main.c **** 
 218:Core/Src/main.c **** 
 219:Core/Src/main.c ****     		int64_t xi=0;
 220:Core/Src/main.c ****     		int64_t yi=0;
 221:Core/Src/main.c ****     		int iteration =0;
 222:Core/Src/main.c ****     		while (iteration<max_iterations && (((xi*xi)/scale)+((yi*yi)/scale)<=4*scale)) { // Dividing 
 223:Core/Src/main.c ****     			int64_t tmp = ((xi*xi)/scale)-((yi*yi)/scale); // ...also squaring the scale
 224:Core/Src/main.c ****     			yi=((2*xi*yi)/scale)+y0;
 161              		.loc 1 224 21 view .LVU29
 162 001c 9B0B     		lsrs	r3, r3, #14
 163 001e 43EA8C43 		orr	r3, r3, ip, lsl #18
 164              		.loc 1 224 10 view .LVU30
 165 0022 019A     		ldr	r2, [sp, #4]
 166 0024 9A18     		adds	r2, r3, r2
 167 0026 029B     		ldr	r3, [sp, #8]
 168 0028 43EBAC3C 		adc	ip, r3, ip, asr #14
 169              	.LVL5:
 225:Core/Src/main.c ****     			xi=tmp+x0;
 170              		.loc 1 225 8 is_stmt 1 view .LVU31
 171              		.loc 1 225 10 is_stmt 0 view .LVU32
 172 002c 6B18     		adds	r3, r5, r1
 173 002e 46EB0904 		adc	r4, r6, r9
 174              	.LVL6:
 226:Core/Src/main.c ****     			iteration++;
 175              		.loc 1 226 8 is_stmt 1 view .LVU33
ARM GAS  C:\Users\danie\AppData\Local\Temp\ccdYmbdr.s 			page 8


 176              		.loc 1 226 17 is_stmt 0 view .LVU34
 177 0032 08F10108 		add	r8, r8, #1
 178              	.LVL7:
 179              	.L7:
 180              		.loc 1 226 17 view .LVU35
 181              	.LBE8:
 222:Core/Src/main.c ****     			int64_t tmp = ((xi*xi)/scale)-((yi*yi)/scale); // ...also squaring the scale
 182              		.loc 1 222 39 is_stmt 1 view .LVU36
 183 0036 B845     		cmp	r8, r7
 184 0038 4CDA     		bge	.L9
 222:Core/Src/main.c ****     			int64_t tmp = ((xi*xi)/scale)-((yi*yi)/scale); // ...also squaring the scale
 185              		.loc 1 222 47 is_stmt 0 discriminator 1 view .LVU37
 186 003a 03FB04F1 		mul	r1, r3, r4
 187 003e A3FB030E 		umull	r0, lr, r3, r3
 188 0042 0EEB410E 		add	lr, lr, r1, lsl #1
 222:Core/Src/main.c ****     			int64_t tmp = ((xi*xi)/scale)-((yi*yi)/scale); // ...also squaring the scale
 189              		.loc 1 222 51 discriminator 1 view .LVU38
 190 0046 7146     		mov	r1, lr
 191 0048 BEF1000F 		cmp	lr, #0
 192 004c 33DB     		blt	.L17
 193              	.L10:
 194 004e 800B     		lsrs	r0, r0, #14
 195 0050 4FEAA13A 		asr	r10, r1, #14
 196 0054 40EA8140 		orr	r0, r0, r1, lsl #18
 222:Core/Src/main.c ****     			int64_t tmp = ((xi*xi)/scale)-((yi*yi)/scale); // ...also squaring the scale
 197              		.loc 1 222 63 discriminator 1 view .LVU39
 198 0058 02FB0CF9 		mul	r9, r2, ip
 199 005c A2FB021E 		umull	r1, lr, r2, r2
 200 0060 0EEB490E 		add	lr, lr, r9, lsl #1
 222:Core/Src/main.c ****     			int64_t tmp = ((xi*xi)/scale)-((yi*yi)/scale); // ...also squaring the scale
 201              		.loc 1 222 67 discriminator 1 view .LVU40
 202 0064 F146     		mov	r9, lr
 203 0066 BEF1000F 		cmp	lr, #0
 204 006a 2BDB     		blt	.L18
 205              	.L11:
 206 006c 890B     		lsrs	r1, r1, #14
 207 006e 4FEAA93E 		asr	lr, r9, #14
 208 0072 41EA8941 		orr	r1, r1, r9, lsl #18
 209 0076 F146     		mov	r9, lr
 222:Core/Src/main.c ****     			int64_t tmp = ((xi*xi)/scale)-((yi*yi)/scale); // ...also squaring the scale
 210              		.loc 1 222 58 discriminator 1 view .LVU41
 211 0078 10EB010B 		adds	fp, r0, r1
 212 007c 4AEB0E0E 		adc	lr, r10, lr
 222:Core/Src/main.c ****     			int64_t tmp = ((xi*xi)/scale)-((yi*yi)/scale); // ...also squaring the scale
 213              		.loc 1 222 39 discriminator 1 view .LVU42
 214 0080 BBF1011F 		cmp	fp, #65537
 215 0084 7EF1000E 		sbcs	lr, lr, #0
 216 0088 24DA     		bge	.L9
 217              	.LBB9:
 223:Core/Src/main.c ****     			yi=((2*xi*yi)/scale)+y0;
 218              		.loc 1 223 8 is_stmt 1 view .LVU43
 223:Core/Src/main.c ****     			yi=((2*xi*yi)/scale)+y0;
 219              		.loc 1 223 16 is_stmt 0 view .LVU44
 220 008a 411A     		subs	r1, r0, r1
 221 008c 6AEB0909 		sbc	r9, r10, r9
 222              	.LVL8:
 224:Core/Src/main.c ****     			xi=tmp+x0;
ARM GAS  C:\Users\danie\AppData\Local\Temp\ccdYmbdr.s 			page 9


 223              		.loc 1 224 8 is_stmt 1 view .LVU45
 224:Core/Src/main.c ****     			xi=tmp+x0;
 224              		.loc 1 224 17 is_stmt 0 view .LVU46
 225 0090 03FB0CF0 		mul	r0, r3, ip
 226 0094 02FB0400 		mla	r0, r2, r4, r0
 227 0098 A3FB0232 		umull	r3, r2, r3, r2
 228              	.LVL9:
 224:Core/Src/main.c ****     			xi=tmp+x0;
 229              		.loc 1 224 17 view .LVU47
 230 009c 1044     		add	r0, r0, r2
 231 009e DB18     		adds	r3, r3, r3
 232 00a0 4041     		adcs	r0, r0, r0
 224:Core/Src/main.c ****     			xi=tmp+x0;
 233              		.loc 1 224 21 view .LVU48
 234 00a2 8446     		mov	ip, r0
 235 00a4 0028     		cmp	r0, #0
 236 00a6 B9DA     		bge	.L8
 237 00a8 43F6FF72 		movw	r2, #16383
 238 00ac 9A18     		adds	r2, r3, r2
 239 00ae 1346     		mov	r3, r2
 240 00b0 40F1000C 		adc	ip, r0, #0
 241 00b4 B2E7     		b	.L8
 242              	.LVL10:
 243              	.L17:
 224:Core/Src/main.c ****     			xi=tmp+x0;
 244              		.loc 1 224 21 view .LVU49
 245              	.LBE9:
 222:Core/Src/main.c ****     			int64_t tmp = ((xi*xi)/scale)-((yi*yi)/scale); // ...also squaring the scale
 246              		.loc 1 222 51 discriminator 1 view .LVU50
 247 00b6 43F6FF71 		movw	r1, #16383
 248 00ba 4118     		adds	r1, r0, r1
 249 00bc 0846     		mov	r0, r1
 250 00be 4EF10001 		adc	r1, lr, #0
 251 00c2 C4E7     		b	.L10
 252              	.L18:
 222:Core/Src/main.c ****     			int64_t tmp = ((xi*xi)/scale)-((yi*yi)/scale); // ...also squaring the scale
 253              		.loc 1 222 67 discriminator 1 view .LVU51
 254 00c4 43F6FF79 		movw	r9, #16383
 255 00c8 11EB0909 		adds	r9, r1, r9
 256 00cc 4946     		mov	r1, r9
 257 00ce 4EF10009 		adc	r9, lr, #0
 258 00d2 CBE7     		b	.L11
 259              	.L9:
 227:Core/Src/main.c ****     		}
 228:Core/Src/main.c ****     		mandelbrot_sum+=iteration;
 260              		.loc 1 228 21 view .LVU52
 261 00d4 DDF814B0 		ldr	fp, [sp, #20]
 262 00d8 DDF818A0 		ldr	r10, [sp, #24]
 263 00dc DDF81C90 		ldr	r9, [sp, #28]
 264              		.loc 1 228 7 is_stmt 1 view .LVU53
 265              		.loc 1 228 21 is_stmt 0 view .LVU54
 266 00e0 039B     		ldr	r3, [sp, #12]
 267              	.LVL11:
 268              		.loc 1 228 21 view .LVU55
 269 00e2 18EB0303 		adds	r3, r8, r3
 270 00e6 0393     		str	r3, [sp, #12]
 271              	.LVL12:
ARM GAS  C:\Users\danie\AppData\Local\Temp\ccdYmbdr.s 			page 10


 272              		.loc 1 228 21 view .LVU56
 273 00e8 049B     		ldr	r3, [sp, #16]
 274 00ea 43EBE873 		adc	r3, r3, r8, asr #31
 275 00ee 0493     		str	r3, [sp, #16]
 276              	.LVL13:
 277              		.loc 1 228 21 view .LVU57
 278              	.LBE7:
 214:Core/Src/main.c ****     		int64_t x0 = ((int64_t)x*scale*35)/(width*10)-(25*scale)/10;
 279              		.loc 1 214 30 is_stmt 1 discriminator 2 view .LVU58
 280 00f0 0AF1010A 		add	r10, r10, #1
 281              	.LVL14:
 282              	.L14:
 214:Core/Src/main.c ****     		int64_t x0 = ((int64_t)x*scale*35)/(width*10)-(25*scale)/10;
 283              		.loc 1 214 21 discriminator 1 view .LVU59
 284 00f4 CA45     		cmp	r10, r9
 285 00f6 40DA     		bge	.L19
 286              	.LBB10:
 215:Core/Src/main.c ****     		int64_t y0 = ((int64_t)y*scale*2)/(height)-scale;
 287              		.loc 1 215 7 view .LVU60
 215:Core/Src/main.c ****     		int64_t y0 = ((int64_t)y*scale*2)/(height)-scale;
 288              		.loc 1 215 21 is_stmt 0 view .LVU61
 289 00f8 4FEAEA71 		asr	r1, r10, #31
 215:Core/Src/main.c ****     		int64_t y0 = ((int64_t)y*scale*2)/(height)-scale;
 290              		.loc 1 215 37 view .LVU62
 291 00fc CB00     		lsls	r3, r1, #3
 292 00fe 43EA5A73 		orr	r3, r3, r10, lsr #29
 293 0102 4FEACA02 		lsl	r2, r10, #3
 294 0106 12EB0A04 		adds	r4, r2, r10
 295 010a 41EB0303 		adc	r3, r1, r3
 296 010e 9B00     		lsls	r3, r3, #2
 297 0110 43EA9473 		orr	r3, r3, r4, lsr #30
 298 0114 A400     		lsls	r4, r4, #2
 299 0116 B4EB0A04 		subs	r4, r4, r10
 300 011a 63EB0103 		sbc	r3, r3, r1
 301 011e 9903     		lsls	r1, r3, #14
 215:Core/Src/main.c ****     		int64_t y0 = ((int64_t)y*scale*2)/(height)-scale;
 302              		.loc 1 215 48 view .LVU63
 303 0120 09EB8903 		add	r3, r9, r9, lsl #2
 215:Core/Src/main.c ****     		int64_t y0 = ((int64_t)y*scale*2)/(height)-scale;
 304              		.loc 1 215 41 view .LVU64
 305 0124 5A00     		lsls	r2, r3, #1
 306 0126 43F38073 		sbfx	r3, r3, #30, #1
 307 012a A003     		lsls	r0, r4, #14
 308 012c 41EA9441 		orr	r1, r1, r4, lsr #18
 309 0130 FFF7FEFF 		bl	__aeabi_ldivmod
 310              	.LVL15:
 215:Core/Src/main.c ****     		int64_t y0 = ((int64_t)y*scale*2)/(height)-scale;
 311              		.loc 1 215 15 view .LVU65
 312 0134 B0F52045 		subs	r5, r0, #40960
 313 0138 61F10006 		sbc	r6, r1, #0
 314              	.LVL16:
 216:Core/Src/main.c **** 
 315              		.loc 1 216 7 is_stmt 1 view .LVU66
 216:Core/Src/main.c **** 
 316              		.loc 1 216 21 is_stmt 0 view .LVU67
 317 013c 4FEAEB71 		asr	r1, fp, #31
 216:Core/Src/main.c **** 
ARM GAS  C:\Users\danie\AppData\Local\Temp\ccdYmbdr.s 			page 11


 318              		.loc 1 216 37 view .LVU68
 319 0140 C903     		lsls	r1, r1, #15
 216:Core/Src/main.c **** 
 320              		.loc 1 216 40 view .LVU69
 321 0142 089B     		ldr	r3, [sp, #32]
 322 0144 1A46     		mov	r2, r3
 323 0146 DB17     		asrs	r3, r3, #31
 324 0148 4FEACB30 		lsl	r0, fp, #15
 325 014c 41EA5B41 		orr	r1, r1, fp, lsr #17
 326 0150 FFF7FEFF 		bl	__aeabi_ldivmod
 327              	.LVL17:
 216:Core/Src/main.c **** 
 328              		.loc 1 216 15 view .LVU70
 329 0154 B0F58043 		subs	r3, r0, #16384
 330 0158 0193     		str	r3, [sp, #4]
 331 015a 61F10003 		sbc	r3, r1, #0
 332 015e 0293     		str	r3, [sp, #8]
 333              	.LVL18:
 219:Core/Src/main.c ****     		int64_t yi=0;
 334              		.loc 1 219 7 is_stmt 1 view .LVU71
 220:Core/Src/main.c ****     		int iteration =0;
 335              		.loc 1 220 7 view .LVU72
 221:Core/Src/main.c ****     		while (iteration<max_iterations && (((xi*xi)/scale)+((yi*yi)/scale)<=4*scale)) { // Dividing 
 336              		.loc 1 221 7 view .LVU73
 222:Core/Src/main.c ****     			int64_t tmp = ((xi*xi)/scale)-((yi*yi)/scale); // ...also squaring the scale
 337              		.loc 1 222 7 view .LVU74
 221:Core/Src/main.c ****     		while (iteration<max_iterations && (((xi*xi)/scale)+((yi*yi)/scale)<=4*scale)) { // Dividing 
 338              		.loc 1 221 11 is_stmt 0 view .LVU75
 339 0160 4FF00008 		mov	r8, #0
 220:Core/Src/main.c ****     		int iteration =0;
 340              		.loc 1 220 15 view .LVU76
 341 0164 4246     		mov	r2, r8
 342 0166 C446     		mov	ip, r8
 219:Core/Src/main.c ****     		int64_t yi=0;
 343              		.loc 1 219 15 view .LVU77
 344 0168 4346     		mov	r3, r8
 345              	.LVL19:
 219:Core/Src/main.c ****     		int64_t yi=0;
 346              		.loc 1 219 15 view .LVU78
 347 016a 4446     		mov	r4, r8
 348 016c CDF814B0 		str	fp, [sp, #20]
 349 0170 CDF818A0 		str	r10, [sp, #24]
 350 0174 CDF81C90 		str	r9, [sp, #28]
 222:Core/Src/main.c ****     			int64_t tmp = ((xi*xi)/scale)-((yi*yi)/scale); // ...also squaring the scale
 351              		.loc 1 222 13 view .LVU79
 352 0178 5DE7     		b	.L7
 353              	.LVL20:
 354              	.L19:
 222:Core/Src/main.c ****     			int64_t tmp = ((xi*xi)/scale)-((yi*yi)/scale); // ...also squaring the scale
 355              		.loc 1 222 13 view .LVU80
 356              	.LBE10:
 357              	.LBE6:
 213:Core/Src/main.c ****     	for (int x=0; x<width; x++) {
 358              		.loc 1 213 30 discriminator 2 view .LVU81
 359 017a 5C46     		mov	r4, fp
 213:Core/Src/main.c ****     	for (int x=0; x<width; x++) {
 360              		.loc 1 213 30 is_stmt 1 discriminator 2 view .LVU82
ARM GAS  C:\Users\danie\AppData\Local\Temp\ccdYmbdr.s 			page 12


 361 017c 0134     		adds	r4, r4, #1
 362              	.LVL21:
 363              	.L6:
 213:Core/Src/main.c ****     	for (int x=0; x<width; x++) {
 364              		.loc 1 213 20 discriminator 1 view .LVU83
 365 017e 089B     		ldr	r3, [sp, #32]
 366 0180 9C42     		cmp	r4, r3
 367 0182 05DA     		bge	.L20
 368              	.LBB11:
 214:Core/Src/main.c ****     		int64_t x0 = ((int64_t)x*scale*35)/(width*10)-(25*scale)/10;
 369              		.loc 1 214 15 is_stmt 0 view .LVU84
 370 0184 4FF0000A 		mov	r10, #0
 371 0188 A346     		mov	fp, r4
 372 018a DDF82490 		ldr	r9, [sp, #36]
 373 018e B1E7     		b	.L14
 374              	.L20:
 214:Core/Src/main.c ****     		int64_t x0 = ((int64_t)x*scale*35)/(width*10)-(25*scale)/10;
 375              		.loc 1 214 15 view .LVU85
 376              	.LBE11:
 377              	.LBE12:
 229:Core/Src/main.c ****     	}
 230:Core/Src/main.c ****     }
 231:Core/Src/main.c ****     return mandelbrot_sum;
 378              		.loc 1 231 5 is_stmt 1 view .LVU86
 232:Core/Src/main.c **** 
 233:Core/Src/main.c **** }
 379              		.loc 1 233 1 is_stmt 0 view .LVU87
 380 0190 0398     		ldr	r0, [sp, #12]
 381 0192 0499     		ldr	r1, [sp, #16]
 382 0194 0BB0     		add	sp, sp, #44
 383              	.LCFI5:
 384              		.cfi_def_cfa_offset 36
 385              		@ sp needed
 386 0196 BDE8F08F 		pop	{r4, r5, r6, r7, r8, r9, r10, fp, pc}
 387              		.loc 1 233 1 view .LVU88
 388              		.cfi_endproc
 389              	.LFE133:
 391              		.global	__aeabi_i2d
 392              		.global	__aeabi_ddiv
 393              		.global	__aeabi_dmul
 394              		.global	__aeabi_dsub
 395              		.global	__aeabi_dadd
 396              		.global	__aeabi_dcmple
 397              		.section	.text.calculate_mandelbrot_double,"ax",%progbits
 398              		.align	1
 399              		.global	calculate_mandelbrot_double
 400              		.syntax unified
 401              		.thumb
 402              		.thumb_func
 404              	calculate_mandelbrot_double:
 405              	.LVL22:
 406              	.LFB134:
 234:Core/Src/main.c **** //TODO: Mandelbroat using variable type double
 235:Core/Src/main.c **** uint64_t calculate_mandelbrot_double(int width, int height,int max_iterations){
 407              		.loc 1 235 79 is_stmt 1 view -0
 408              		.cfi_startproc
 409              		@ args = 0, pretend = 0, frame = 56
ARM GAS  C:\Users\danie\AppData\Local\Temp\ccdYmbdr.s 			page 13


 410              		@ frame_needed = 0, uses_anonymous_args = 0
 411              		.loc 1 235 79 is_stmt 0 view .LVU90
 412 0000 2DE9F04F 		push	{r4, r5, r6, r7, r8, r9, r10, fp, lr}
 413              	.LCFI6:
 414              		.cfi_def_cfa_offset 36
 415              		.cfi_offset 4, -36
 416              		.cfi_offset 5, -32
 417              		.cfi_offset 6, -28
 418              		.cfi_offset 7, -24
 419              		.cfi_offset 8, -20
 420              		.cfi_offset 9, -16
 421              		.cfi_offset 10, -12
 422              		.cfi_offset 11, -8
 423              		.cfi_offset 14, -4
 424 0004 8FB0     		sub	sp, sp, #60
 425              	.LCFI7:
 426              		.cfi_def_cfa_offset 96
 427 0006 0790     		str	r0, [sp, #28]
 428 0008 0C91     		str	r1, [sp, #48]
 429 000a 0D92     		str	r2, [sp, #52]
 236:Core/Src/main.c **** 	uint64_t mandelbrot_sum = 0;
 430              		.loc 1 236 2 is_stmt 1 view .LVU91
 431              	.LVL23:
 237:Core/Src/main.c **** 	//TODO: Complete the function implementation
 238:Core/Src/main.c **** 	for (int y = 0; y < height; y++){
 432              		.loc 1 238 2 view .LVU92
 433              	.LBB13:
 434              		.loc 1 238 7 view .LVU93
 435              		.loc 1 238 11 is_stmt 0 view .LVU94
 436 000c 4FF00008 		mov	r8, #0
 437              	.LBE13:
 236:Core/Src/main.c **** 	uint64_t mandelbrot_sum = 0;
 438              		.loc 1 236 11 view .LVU95
 439 0010 CDF82080 		str	r8, [sp, #32]
 440 0014 CDF82480 		str	r8, [sp, #36]
 441              	.LBB19:
 442              		.loc 1 238 2 view .LVU96
 443 0018 8DE0     		b	.L22
 444              	.LVL24:
 445              	.L25:
 446              	.LBB14:
 447              	.LBB15:
 448              	.LBB16:
 239:Core/Src/main.c **** 		for (int x = 0; x < width; x++){
 240:Core/Src/main.c **** 			double x_zero = ((double) x/width)*3.5 - 2.5;
 241:Core/Src/main.c **** 			double y_zero = ((double) y/height)*2.0 - 1.0;
 242:Core/Src/main.c **** 			double x_i = 0, y_i = 0;
 243:Core/Src/main.c **** 			int iteration = 0;
 244:Core/Src/main.c **** 			while (iteration < max_iterations && (x_i*x_i+y_i*y_i <= 4)) {
 245:Core/Src/main.c **** 				double temp = x_i*x_i - y_i*y_i;
 449              		.loc 1 245 5 is_stmt 1 view .LVU97
 450              		.loc 1 245 12 is_stmt 0 view .LVU98
 451 001a 5246     		mov	r2, r10
 452 001c 5B46     		mov	r3, fp
 453 001e DDE90001 		ldrd	r0, [sp]
 454 0022 FFF7FEFF 		bl	__aeabi_dsub
 455              	.LVL25:
ARM GAS  C:\Users\danie\AppData\Local\Temp\ccdYmbdr.s 			page 14


 456 0026 8246     		mov	r10, r0
 457 0028 8B46     		mov	fp, r1
 458              	.LVL26:
 246:Core/Src/main.c **** 				y_i = 2*x_i*y_i + y_zero;
 459              		.loc 1 246 5 is_stmt 1 view .LVU99
 460              		.loc 1 246 12 is_stmt 0 view .LVU100
 461 002a 2246     		mov	r2, r4
 462 002c 2B46     		mov	r3, r5
 463 002e 2046     		mov	r0, r4
 464 0030 2946     		mov	r1, r5
 465 0032 FFF7FEFF 		bl	__aeabi_dadd
 466              	.LVL27:
 467              		.loc 1 246 16 view .LVU101
 468 0036 3246     		mov	r2, r6
 469 0038 3B46     		mov	r3, r7
 470 003a FFF7FEFF 		bl	__aeabi_dmul
 471              	.LVL28:
 472              		.loc 1 246 9 view .LVU102
 473 003e DDE90423 		ldrd	r2, [sp, #16]
 474 0042 FFF7FEFF 		bl	__aeabi_dadd
 475              	.LVL29:
 476 0046 0646     		mov	r6, r0
 477              	.LVL30:
 478              		.loc 1 246 9 view .LVU103
 479 0048 0F46     		mov	r7, r1
 480              	.LVL31:
 247:Core/Src/main.c **** 				x_i = temp + x_zero;
 481              		.loc 1 247 5 is_stmt 1 view .LVU104
 482              		.loc 1 247 9 is_stmt 0 view .LVU105
 483 004a 5246     		mov	r2, r10
 484 004c 5B46     		mov	r3, fp
 485 004e DDE90201 		ldrd	r0, [sp, #8]
 486 0052 FFF7FEFF 		bl	__aeabi_dadd
 487              	.LVL32:
 488 0056 0446     		mov	r4, r0
 489              	.LVL33:
 490              		.loc 1 247 9 view .LVU106
 491 0058 0D46     		mov	r5, r1
 492              	.LVL34:
 248:Core/Src/main.c **** 				iteration = iteration + 1;
 493              		.loc 1 248 5 is_stmt 1 view .LVU107
 494              		.loc 1 248 15 is_stmt 0 view .LVU108
 495 005a 08F10108 		add	r8, r8, #1
 496              	.LVL35:
 497              	.L23:
 498              		.loc 1 248 15 view .LVU109
 499              	.LBE16:
 244:Core/Src/main.c **** 				double temp = x_i*x_i - y_i*y_i;
 500              		.loc 1 244 38 is_stmt 1 view .LVU110
 501 005e C845     		cmp	r8, r9
 502 0060 1BDA     		bge	.L24
 244:Core/Src/main.c **** 				double temp = x_i*x_i - y_i*y_i;
 503              		.loc 1 244 45 is_stmt 0 discriminator 1 view .LVU111
 504 0062 2246     		mov	r2, r4
 505 0064 2B46     		mov	r3, r5
 506 0066 2046     		mov	r0, r4
 507 0068 2946     		mov	r1, r5
ARM GAS  C:\Users\danie\AppData\Local\Temp\ccdYmbdr.s 			page 15


 508 006a FFF7FEFF 		bl	__aeabi_dmul
 509              	.LVL36:
 510 006e CDE90001 		strd	r0, [sp]
 244:Core/Src/main.c **** 				double temp = x_i*x_i - y_i*y_i;
 511              		.loc 1 244 53 discriminator 1 view .LVU112
 512 0072 3246     		mov	r2, r6
 513 0074 3B46     		mov	r3, r7
 514 0076 3046     		mov	r0, r6
 515 0078 3946     		mov	r1, r7
 516 007a FFF7FEFF 		bl	__aeabi_dmul
 517              	.LVL37:
 518 007e 8246     		mov	r10, r0
 519 0080 8B46     		mov	fp, r1
 244:Core/Src/main.c **** 				double temp = x_i*x_i - y_i*y_i;
 520              		.loc 1 244 49 discriminator 1 view .LVU113
 521 0082 0246     		mov	r2, r0
 522 0084 0B46     		mov	r3, r1
 523 0086 DDE90001 		ldrd	r0, [sp]
 524 008a FFF7FEFF 		bl	__aeabi_dadd
 525              	.LVL38:
 244:Core/Src/main.c **** 				double temp = x_i*x_i - y_i*y_i;
 526              		.loc 1 244 38 discriminator 1 view .LVU114
 527 008e 0022     		movs	r2, #0
 528 0090 314B     		ldr	r3, .L32
 529 0092 FFF7FEFF 		bl	__aeabi_dcmple
 530              	.LVL39:
 531 0096 0028     		cmp	r0, #0
 532 0098 BFD1     		bne	.L25
 533              	.L24:
 249:Core/Src/main.c **** 			}
 250:Core/Src/main.c **** 			mandelbrot_sum = mandelbrot_sum + iteration;
 534              		.loc 1 250 19 view .LVU115
 535 009a DDF82890 		ldr	r9, [sp, #40]
 536              		.loc 1 250 4 is_stmt 1 view .LVU116
 537              		.loc 1 250 19 is_stmt 0 view .LVU117
 538 009e 089B     		ldr	r3, [sp, #32]
 539 00a0 18EB0302 		adds	r2, r8, r3
 540 00a4 0892     		str	r2, [sp, #32]
 541              	.LVL40:
 542              		.loc 1 250 19 view .LVU118
 543 00a6 099B     		ldr	r3, [sp, #36]
 544 00a8 43EBE873 		adc	r3, r3, r8, asr #31
 545 00ac 0993     		str	r3, [sp, #36]
 546              	.LVL41:
 547              		.loc 1 250 19 view .LVU119
 548              	.LBE15:
 239:Core/Src/main.c **** 			double x_zero = ((double) x/width)*3.5 - 2.5;
 549              		.loc 1 239 31 is_stmt 1 discriminator 2 view .LVU120
 550 00ae 09F10109 		add	r9, r9, #1
 551              	.LVL42:
 552              	.L27:
 239:Core/Src/main.c **** 			double x_zero = ((double) x/width)*3.5 - 2.5;
 553              		.loc 1 239 21 discriminator 1 view .LVU121
 554 00b2 079B     		ldr	r3, [sp, #28]
 555 00b4 9945     		cmp	r9, r3
 556 00b6 3ADA     		bge	.L30
 557              	.LBB17:
ARM GAS  C:\Users\danie\AppData\Local\Temp\ccdYmbdr.s 			page 16


 240:Core/Src/main.c **** 			double y_zero = ((double) y/height)*2.0 - 1.0;
 558              		.loc 1 240 4 view .LVU122
 240:Core/Src/main.c **** 			double y_zero = ((double) y/height)*2.0 - 1.0;
 559              		.loc 1 240 21 is_stmt 0 view .LVU123
 560 00b8 4846     		mov	r0, r9
 561 00ba FFF7FEFF 		bl	__aeabi_i2d
 562              	.LVL43:
 563 00be 0446     		mov	r4, r0
 564 00c0 0D46     		mov	r5, r1
 240:Core/Src/main.c **** 			double y_zero = ((double) y/height)*2.0 - 1.0;
 565              		.loc 1 240 31 view .LVU124
 566 00c2 0798     		ldr	r0, [sp, #28]
 567 00c4 FFF7FEFF 		bl	__aeabi_i2d
 568              	.LVL44:
 569 00c8 0246     		mov	r2, r0
 570 00ca 0B46     		mov	r3, r1
 571 00cc 2046     		mov	r0, r4
 572 00ce 2946     		mov	r1, r5
 573 00d0 FFF7FEFF 		bl	__aeabi_ddiv
 574              	.LVL45:
 240:Core/Src/main.c **** 			double y_zero = ((double) y/height)*2.0 - 1.0;
 575              		.loc 1 240 38 view .LVU125
 576 00d4 0022     		movs	r2, #0
 577 00d6 214B     		ldr	r3, .L32+4
 578 00d8 FFF7FEFF 		bl	__aeabi_dmul
 579              	.LVL46:
 240:Core/Src/main.c **** 			double y_zero = ((double) y/height)*2.0 - 1.0;
 580              		.loc 1 240 11 view .LVU126
 581 00dc 0022     		movs	r2, #0
 582 00de 204B     		ldr	r3, .L32+8
 583 00e0 FFF7FEFF 		bl	__aeabi_dsub
 584              	.LVL47:
 585 00e4 CDE90201 		strd	r0, [sp, #8]
 586              	.LVL48:
 241:Core/Src/main.c **** 			double x_i = 0, y_i = 0;
 587              		.loc 1 241 4 is_stmt 1 view .LVU127
 241:Core/Src/main.c **** 			double x_i = 0, y_i = 0;
 588              		.loc 1 241 21 is_stmt 0 view .LVU128
 589 00e8 0B98     		ldr	r0, [sp, #44]
 590              	.LVL49:
 241:Core/Src/main.c **** 			double x_i = 0, y_i = 0;
 591              		.loc 1 241 21 view .LVU129
 592 00ea FFF7FEFF 		bl	__aeabi_i2d
 593              	.LVL50:
 594 00ee 0446     		mov	r4, r0
 595 00f0 0D46     		mov	r5, r1
 241:Core/Src/main.c **** 			double x_i = 0, y_i = 0;
 596              		.loc 1 241 31 view .LVU130
 597 00f2 0C98     		ldr	r0, [sp, #48]
 598 00f4 FFF7FEFF 		bl	__aeabi_i2d
 599              	.LVL51:
 600 00f8 0246     		mov	r2, r0
 601 00fa 0B46     		mov	r3, r1
 602 00fc 2046     		mov	r0, r4
 603 00fe 2946     		mov	r1, r5
 604 0100 FFF7FEFF 		bl	__aeabi_ddiv
 605              	.LVL52:
ARM GAS  C:\Users\danie\AppData\Local\Temp\ccdYmbdr.s 			page 17


 606 0104 0246     		mov	r2, r0
 607 0106 0B46     		mov	r3, r1
 241:Core/Src/main.c **** 			double x_i = 0, y_i = 0;
 608              		.loc 1 241 39 view .LVU131
 609 0108 FFF7FEFF 		bl	__aeabi_dadd
 610              	.LVL53:
 241:Core/Src/main.c **** 			double x_i = 0, y_i = 0;
 611              		.loc 1 241 11 view .LVU132
 612 010c 0022     		movs	r2, #0
 613 010e 154B     		ldr	r3, .L32+12
 614 0110 FFF7FEFF 		bl	__aeabi_dsub
 615              	.LVL54:
 616 0114 CDE90401 		strd	r0, [sp, #16]
 617              	.LVL55:
 242:Core/Src/main.c **** 			int iteration = 0;
 618              		.loc 1 242 4 is_stmt 1 view .LVU133
 243:Core/Src/main.c **** 			while (iteration < max_iterations && (x_i*x_i+y_i*y_i <= 4)) {
 619              		.loc 1 243 4 view .LVU134
 244:Core/Src/main.c **** 				double temp = x_i*x_i - y_i*y_i;
 620              		.loc 1 244 4 view .LVU135
 243:Core/Src/main.c **** 			while (iteration < max_iterations && (x_i*x_i+y_i*y_i <= 4)) {
 621              		.loc 1 243 8 is_stmt 0 view .LVU136
 622 0118 4FF00008 		mov	r8, #0
 242:Core/Src/main.c **** 			int iteration = 0;
 623              		.loc 1 242 20 view .LVU137
 624 011c 0026     		movs	r6, #0
 625 011e 0027     		movs	r7, #0
 242:Core/Src/main.c **** 			int iteration = 0;
 626              		.loc 1 242 11 view .LVU138
 627 0120 3446     		mov	r4, r6
 628 0122 3D46     		mov	r5, r7
 629 0124 CDF82890 		str	r9, [sp, #40]
 630 0128 DDF83490 		ldr	r9, [sp, #52]
 631              	.LVL56:
 244:Core/Src/main.c **** 				double temp = x_i*x_i - y_i*y_i;
 632              		.loc 1 244 10 view .LVU139
 633 012c 97E7     		b	.L23
 634              	.LVL57:
 635              	.L30:
 244:Core/Src/main.c **** 				double temp = x_i*x_i - y_i*y_i;
 636              		.loc 1 244 10 view .LVU140
 637              	.LBE17:
 638              	.LBE14:
 238:Core/Src/main.c **** 		for (int x = 0; x < width; x++){
 639              		.loc 1 238 31 discriminator 2 view .LVU141
 640 012e DDF82C80 		ldr	r8, [sp, #44]
 238:Core/Src/main.c **** 		for (int x = 0; x < width; x++){
 641              		.loc 1 238 31 is_stmt 1 discriminator 2 view .LVU142
 642 0132 08F10108 		add	r8, r8, #1
 643              	.LVL58:
 644              	.L22:
 238:Core/Src/main.c **** 		for (int x = 0; x < width; x++){
 645              		.loc 1 238 20 discriminator 1 view .LVU143
 646 0136 0C9B     		ldr	r3, [sp, #48]
 647 0138 9845     		cmp	r8, r3
 648 013a 05DA     		bge	.L31
 649              	.LBB18:
ARM GAS  C:\Users\danie\AppData\Local\Temp\ccdYmbdr.s 			page 18


 239:Core/Src/main.c **** 			double x_zero = ((double) x/width)*3.5 - 2.5;
 650              		.loc 1 239 12 is_stmt 0 view .LVU144
 651 013c 4FF0000A 		mov	r10, #0
 652 0140 CDF82C80 		str	r8, [sp, #44]
 653 0144 D146     		mov	r9, r10
 654 0146 B4E7     		b	.L27
 655              	.L31:
 239:Core/Src/main.c **** 			double x_zero = ((double) x/width)*3.5 - 2.5;
 656              		.loc 1 239 12 view .LVU145
 657              	.LBE18:
 658              	.LBE19:
 251:Core/Src/main.c **** 		}
 252:Core/Src/main.c **** 	}
 253:Core/Src/main.c **** return mandelbrot_sum;
 254:Core/Src/main.c **** }
 659              		.loc 1 254 1 view .LVU146
 660 0148 DDF82490 		ldr	r9, [sp, #36]
 253:Core/Src/main.c **** }
 661              		.loc 1 253 1 is_stmt 1 view .LVU147
 662              		.loc 1 254 1 is_stmt 0 view .LVU148
 663 014c 0898     		ldr	r0, [sp, #32]
 664 014e 4946     		mov	r1, r9
 665 0150 0FB0     		add	sp, sp, #60
 666              	.LCFI8:
 667              		.cfi_def_cfa_offset 36
 668              		@ sp needed
 669 0152 BDE8F08F 		pop	{r4, r5, r6, r7, r8, r9, r10, fp, pc}
 670              	.LVL59:
 671              	.L33:
 672              		.loc 1 254 1 view .LVU149
 673 0156 00BF     		.align	2
 674              	.L32:
 675 0158 00001040 		.word	1074790400
 676 015c 00000C40 		.word	1074528256
 677 0160 00000440 		.word	1074003968
 678 0164 0000F03F 		.word	1072693248
 679              		.cfi_endproc
 680              	.LFE134:
 682              		.section	.text.Error_Handler,"ax",%progbits
 683              		.align	1
 684              		.global	Error_Handler
 685              		.syntax unified
 686              		.thumb
 687              		.thumb_func
 689              	Error_Handler:
 690              	.LFB135:
 255:Core/Src/main.c **** 
 256:Core/Src/main.c **** /**
 257:Core/Src/main.c ****   * @brief  This function is executed in case of error occurrence.
 258:Core/Src/main.c ****   * @retval None
 259:Core/Src/main.c ****   */
 260:Core/Src/main.c **** void Error_Handler(void)
 261:Core/Src/main.c **** {
 691              		.loc 1 261 1 is_stmt 1 view -0
 692              		.cfi_startproc
 693              		@ Volatile: function does not return.
 694              		@ args = 0, pretend = 0, frame = 0
ARM GAS  C:\Users\danie\AppData\Local\Temp\ccdYmbdr.s 			page 19


 695              		@ frame_needed = 0, uses_anonymous_args = 0
 696              		@ link register save eliminated.
 262:Core/Src/main.c ****   /* USER CODE BEGIN Error_Handler_Debug */
 263:Core/Src/main.c ****   /* User can add his own implementation to report the HAL error return state */
 264:Core/Src/main.c ****   __disable_irq();
 697              		.loc 1 264 3 view .LVU151
 698              	.LBB20:
 699              	.LBI20:
 700              		.file 2 "Drivers/CMSIS/Include/cmsis_gcc.h"
   1:Drivers/CMSIS/Include/cmsis_gcc.h **** /**************************************************************************//**
   2:Drivers/CMSIS/Include/cmsis_gcc.h ****  * @file     cmsis_gcc.h
   3:Drivers/CMSIS/Include/cmsis_gcc.h ****  * @brief    CMSIS compiler GCC header file
   4:Drivers/CMSIS/Include/cmsis_gcc.h ****  * @version  V5.0.4
   5:Drivers/CMSIS/Include/cmsis_gcc.h ****  * @date     09. April 2018
   6:Drivers/CMSIS/Include/cmsis_gcc.h ****  ******************************************************************************/
   7:Drivers/CMSIS/Include/cmsis_gcc.h **** /*
   8:Drivers/CMSIS/Include/cmsis_gcc.h ****  * Copyright (c) 2009-2018 Arm Limited. All rights reserved.
   9:Drivers/CMSIS/Include/cmsis_gcc.h ****  *
  10:Drivers/CMSIS/Include/cmsis_gcc.h ****  * SPDX-License-Identifier: Apache-2.0
  11:Drivers/CMSIS/Include/cmsis_gcc.h ****  *
  12:Drivers/CMSIS/Include/cmsis_gcc.h ****  * Licensed under the Apache License, Version 2.0 (the License); you may
  13:Drivers/CMSIS/Include/cmsis_gcc.h ****  * not use this file except in compliance with the License.
  14:Drivers/CMSIS/Include/cmsis_gcc.h ****  * You may obtain a copy of the License at
  15:Drivers/CMSIS/Include/cmsis_gcc.h ****  *
  16:Drivers/CMSIS/Include/cmsis_gcc.h ****  * www.apache.org/licenses/LICENSE-2.0
  17:Drivers/CMSIS/Include/cmsis_gcc.h ****  *
  18:Drivers/CMSIS/Include/cmsis_gcc.h ****  * Unless required by applicable law or agreed to in writing, software
  19:Drivers/CMSIS/Include/cmsis_gcc.h ****  * distributed under the License is distributed on an AS IS BASIS, WITHOUT
  20:Drivers/CMSIS/Include/cmsis_gcc.h ****  * WARRANTIES OR CONDITIONS OF ANY KIND, either express or implied.
  21:Drivers/CMSIS/Include/cmsis_gcc.h ****  * See the License for the specific language governing permissions and
  22:Drivers/CMSIS/Include/cmsis_gcc.h ****  * limitations under the License.
  23:Drivers/CMSIS/Include/cmsis_gcc.h ****  */
  24:Drivers/CMSIS/Include/cmsis_gcc.h **** 
  25:Drivers/CMSIS/Include/cmsis_gcc.h **** #ifndef __CMSIS_GCC_H
  26:Drivers/CMSIS/Include/cmsis_gcc.h **** #define __CMSIS_GCC_H
  27:Drivers/CMSIS/Include/cmsis_gcc.h **** 
  28:Drivers/CMSIS/Include/cmsis_gcc.h **** /* ignore some GCC warnings */
  29:Drivers/CMSIS/Include/cmsis_gcc.h **** #pragma GCC diagnostic push
  30:Drivers/CMSIS/Include/cmsis_gcc.h **** #pragma GCC diagnostic ignored "-Wsign-conversion"
  31:Drivers/CMSIS/Include/cmsis_gcc.h **** #pragma GCC diagnostic ignored "-Wconversion"
  32:Drivers/CMSIS/Include/cmsis_gcc.h **** #pragma GCC diagnostic ignored "-Wunused-parameter"
  33:Drivers/CMSIS/Include/cmsis_gcc.h **** 
  34:Drivers/CMSIS/Include/cmsis_gcc.h **** /* Fallback for __has_builtin */
  35:Drivers/CMSIS/Include/cmsis_gcc.h **** #ifndef __has_builtin
  36:Drivers/CMSIS/Include/cmsis_gcc.h ****   #define __has_builtin(x) (0)
  37:Drivers/CMSIS/Include/cmsis_gcc.h **** #endif
  38:Drivers/CMSIS/Include/cmsis_gcc.h **** 
  39:Drivers/CMSIS/Include/cmsis_gcc.h **** /* CMSIS compiler specific defines */
  40:Drivers/CMSIS/Include/cmsis_gcc.h **** #ifndef   __ASM
  41:Drivers/CMSIS/Include/cmsis_gcc.h ****   #define __ASM                                  __asm
  42:Drivers/CMSIS/Include/cmsis_gcc.h **** #endif
  43:Drivers/CMSIS/Include/cmsis_gcc.h **** #ifndef   __INLINE
  44:Drivers/CMSIS/Include/cmsis_gcc.h ****   #define __INLINE                               inline
  45:Drivers/CMSIS/Include/cmsis_gcc.h **** #endif
  46:Drivers/CMSIS/Include/cmsis_gcc.h **** #ifndef   __STATIC_INLINE
  47:Drivers/CMSIS/Include/cmsis_gcc.h ****   #define __STATIC_INLINE                        static inline
  48:Drivers/CMSIS/Include/cmsis_gcc.h **** #endif
ARM GAS  C:\Users\danie\AppData\Local\Temp\ccdYmbdr.s 			page 20


  49:Drivers/CMSIS/Include/cmsis_gcc.h **** #ifndef   __STATIC_FORCEINLINE                 
  50:Drivers/CMSIS/Include/cmsis_gcc.h ****   #define __STATIC_FORCEINLINE                   __attribute__((always_inline)) static inline
  51:Drivers/CMSIS/Include/cmsis_gcc.h **** #endif                                           
  52:Drivers/CMSIS/Include/cmsis_gcc.h **** #ifndef   __NO_RETURN
  53:Drivers/CMSIS/Include/cmsis_gcc.h ****   #define __NO_RETURN                            __attribute__((__noreturn__))
  54:Drivers/CMSIS/Include/cmsis_gcc.h **** #endif
  55:Drivers/CMSIS/Include/cmsis_gcc.h **** #ifndef   __USED
  56:Drivers/CMSIS/Include/cmsis_gcc.h ****   #define __USED                                 __attribute__((used))
  57:Drivers/CMSIS/Include/cmsis_gcc.h **** #endif
  58:Drivers/CMSIS/Include/cmsis_gcc.h **** #ifndef   __WEAK
  59:Drivers/CMSIS/Include/cmsis_gcc.h ****   #define __WEAK                                 __attribute__((weak))
  60:Drivers/CMSIS/Include/cmsis_gcc.h **** #endif
  61:Drivers/CMSIS/Include/cmsis_gcc.h **** #ifndef   __PACKED
  62:Drivers/CMSIS/Include/cmsis_gcc.h ****   #define __PACKED                               __attribute__((packed, aligned(1)))
  63:Drivers/CMSIS/Include/cmsis_gcc.h **** #endif
  64:Drivers/CMSIS/Include/cmsis_gcc.h **** #ifndef   __PACKED_STRUCT
  65:Drivers/CMSIS/Include/cmsis_gcc.h ****   #define __PACKED_STRUCT                        struct __attribute__((packed, aligned(1)))
  66:Drivers/CMSIS/Include/cmsis_gcc.h **** #endif
  67:Drivers/CMSIS/Include/cmsis_gcc.h **** #ifndef   __PACKED_UNION
  68:Drivers/CMSIS/Include/cmsis_gcc.h ****   #define __PACKED_UNION                         union __attribute__((packed, aligned(1)))
  69:Drivers/CMSIS/Include/cmsis_gcc.h **** #endif
  70:Drivers/CMSIS/Include/cmsis_gcc.h **** #ifndef   __UNALIGNED_UINT32        /* deprecated */
  71:Drivers/CMSIS/Include/cmsis_gcc.h ****   #pragma GCC diagnostic push
  72:Drivers/CMSIS/Include/cmsis_gcc.h ****   #pragma GCC diagnostic ignored "-Wpacked"
  73:Drivers/CMSIS/Include/cmsis_gcc.h ****   #pragma GCC diagnostic ignored "-Wattributes"
  74:Drivers/CMSIS/Include/cmsis_gcc.h ****   struct __attribute__((packed)) T_UINT32 { uint32_t v; };
  75:Drivers/CMSIS/Include/cmsis_gcc.h ****   #pragma GCC diagnostic pop
  76:Drivers/CMSIS/Include/cmsis_gcc.h ****   #define __UNALIGNED_UINT32(x)                  (((struct T_UINT32 *)(x))->v)
  77:Drivers/CMSIS/Include/cmsis_gcc.h **** #endif
  78:Drivers/CMSIS/Include/cmsis_gcc.h **** #ifndef   __UNALIGNED_UINT16_WRITE
  79:Drivers/CMSIS/Include/cmsis_gcc.h ****   #pragma GCC diagnostic push
  80:Drivers/CMSIS/Include/cmsis_gcc.h ****   #pragma GCC diagnostic ignored "-Wpacked"
  81:Drivers/CMSIS/Include/cmsis_gcc.h ****   #pragma GCC diagnostic ignored "-Wattributes"
  82:Drivers/CMSIS/Include/cmsis_gcc.h ****   __PACKED_STRUCT T_UINT16_WRITE { uint16_t v; };
  83:Drivers/CMSIS/Include/cmsis_gcc.h ****   #pragma GCC diagnostic pop
  84:Drivers/CMSIS/Include/cmsis_gcc.h ****   #define __UNALIGNED_UINT16_WRITE(addr, val)    (void)((((struct T_UINT16_WRITE *)(void *)(addr))-
  85:Drivers/CMSIS/Include/cmsis_gcc.h **** #endif
  86:Drivers/CMSIS/Include/cmsis_gcc.h **** #ifndef   __UNALIGNED_UINT16_READ
  87:Drivers/CMSIS/Include/cmsis_gcc.h ****   #pragma GCC diagnostic push
  88:Drivers/CMSIS/Include/cmsis_gcc.h ****   #pragma GCC diagnostic ignored "-Wpacked"
  89:Drivers/CMSIS/Include/cmsis_gcc.h ****   #pragma GCC diagnostic ignored "-Wattributes"
  90:Drivers/CMSIS/Include/cmsis_gcc.h ****   __PACKED_STRUCT T_UINT16_READ { uint16_t v; };
  91:Drivers/CMSIS/Include/cmsis_gcc.h ****   #pragma GCC diagnostic pop
  92:Drivers/CMSIS/Include/cmsis_gcc.h ****   #define __UNALIGNED_UINT16_READ(addr)          (((const struct T_UINT16_READ *)(const void *)(add
  93:Drivers/CMSIS/Include/cmsis_gcc.h **** #endif
  94:Drivers/CMSIS/Include/cmsis_gcc.h **** #ifndef   __UNALIGNED_UINT32_WRITE
  95:Drivers/CMSIS/Include/cmsis_gcc.h ****   #pragma GCC diagnostic push
  96:Drivers/CMSIS/Include/cmsis_gcc.h ****   #pragma GCC diagnostic ignored "-Wpacked"
  97:Drivers/CMSIS/Include/cmsis_gcc.h ****   #pragma GCC diagnostic ignored "-Wattributes"
  98:Drivers/CMSIS/Include/cmsis_gcc.h ****   __PACKED_STRUCT T_UINT32_WRITE { uint32_t v; };
  99:Drivers/CMSIS/Include/cmsis_gcc.h ****   #pragma GCC diagnostic pop
 100:Drivers/CMSIS/Include/cmsis_gcc.h ****   #define __UNALIGNED_UINT32_WRITE(addr, val)    (void)((((struct T_UINT32_WRITE *)(void *)(addr))-
 101:Drivers/CMSIS/Include/cmsis_gcc.h **** #endif
 102:Drivers/CMSIS/Include/cmsis_gcc.h **** #ifndef   __UNALIGNED_UINT32_READ
 103:Drivers/CMSIS/Include/cmsis_gcc.h ****   #pragma GCC diagnostic push
 104:Drivers/CMSIS/Include/cmsis_gcc.h ****   #pragma GCC diagnostic ignored "-Wpacked"
 105:Drivers/CMSIS/Include/cmsis_gcc.h ****   #pragma GCC diagnostic ignored "-Wattributes"
ARM GAS  C:\Users\danie\AppData\Local\Temp\ccdYmbdr.s 			page 21


 106:Drivers/CMSIS/Include/cmsis_gcc.h ****   __PACKED_STRUCT T_UINT32_READ { uint32_t v; };
 107:Drivers/CMSIS/Include/cmsis_gcc.h ****   #pragma GCC diagnostic pop
 108:Drivers/CMSIS/Include/cmsis_gcc.h ****   #define __UNALIGNED_UINT32_READ(addr)          (((const struct T_UINT32_READ *)(const void *)(add
 109:Drivers/CMSIS/Include/cmsis_gcc.h **** #endif
 110:Drivers/CMSIS/Include/cmsis_gcc.h **** #ifndef   __ALIGNED
 111:Drivers/CMSIS/Include/cmsis_gcc.h ****   #define __ALIGNED(x)                           __attribute__((aligned(x)))
 112:Drivers/CMSIS/Include/cmsis_gcc.h **** #endif
 113:Drivers/CMSIS/Include/cmsis_gcc.h **** #ifndef   __RESTRICT
 114:Drivers/CMSIS/Include/cmsis_gcc.h ****   #define __RESTRICT                             __restrict
 115:Drivers/CMSIS/Include/cmsis_gcc.h **** #endif
 116:Drivers/CMSIS/Include/cmsis_gcc.h **** 
 117:Drivers/CMSIS/Include/cmsis_gcc.h **** 
 118:Drivers/CMSIS/Include/cmsis_gcc.h **** /* ###########################  Core Function Access  ########################### */
 119:Drivers/CMSIS/Include/cmsis_gcc.h **** /** \ingroup  CMSIS_Core_FunctionInterface
 120:Drivers/CMSIS/Include/cmsis_gcc.h ****     \defgroup CMSIS_Core_RegAccFunctions CMSIS Core Register Access Functions
 121:Drivers/CMSIS/Include/cmsis_gcc.h ****   @{
 122:Drivers/CMSIS/Include/cmsis_gcc.h ****  */
 123:Drivers/CMSIS/Include/cmsis_gcc.h **** 
 124:Drivers/CMSIS/Include/cmsis_gcc.h **** /**
 125:Drivers/CMSIS/Include/cmsis_gcc.h ****   \brief   Enable IRQ Interrupts
 126:Drivers/CMSIS/Include/cmsis_gcc.h ****   \details Enables IRQ interrupts by clearing the I-bit in the CPSR.
 127:Drivers/CMSIS/Include/cmsis_gcc.h ****            Can only be executed in Privileged modes.
 128:Drivers/CMSIS/Include/cmsis_gcc.h ****  */
 129:Drivers/CMSIS/Include/cmsis_gcc.h **** __STATIC_FORCEINLINE void __enable_irq(void)
 130:Drivers/CMSIS/Include/cmsis_gcc.h **** {
 131:Drivers/CMSIS/Include/cmsis_gcc.h ****   __ASM volatile ("cpsie i" : : : "memory");
 132:Drivers/CMSIS/Include/cmsis_gcc.h **** }
 133:Drivers/CMSIS/Include/cmsis_gcc.h **** 
 134:Drivers/CMSIS/Include/cmsis_gcc.h **** 
 135:Drivers/CMSIS/Include/cmsis_gcc.h **** /**
 136:Drivers/CMSIS/Include/cmsis_gcc.h ****   \brief   Disable IRQ Interrupts
 137:Drivers/CMSIS/Include/cmsis_gcc.h ****   \details Disables IRQ interrupts by setting the I-bit in the CPSR.
 138:Drivers/CMSIS/Include/cmsis_gcc.h ****            Can only be executed in Privileged modes.
 139:Drivers/CMSIS/Include/cmsis_gcc.h ****  */
 140:Drivers/CMSIS/Include/cmsis_gcc.h **** __STATIC_FORCEINLINE void __disable_irq(void)
 701              		.loc 2 140 27 view .LVU152
 702              	.LBB21:
 141:Drivers/CMSIS/Include/cmsis_gcc.h **** {
 142:Drivers/CMSIS/Include/cmsis_gcc.h ****   __ASM volatile ("cpsid i" : : : "memory");
 703              		.loc 2 142 3 view .LVU153
 704              		.syntax unified
 705              	@ 142 "Drivers/CMSIS/Include/cmsis_gcc.h" 1
 706 0000 72B6     		cpsid i
 707              	@ 0 "" 2
 708              		.thumb
 709              		.syntax unified
 710              	.L35:
 711              	.LBE21:
 712              	.LBE20:
 265:Core/Src/main.c ****   while (1)
 713              		.loc 1 265 3 view .LVU154
 266:Core/Src/main.c ****   {
 267:Core/Src/main.c ****   }
 714              		.loc 1 267 3 view .LVU155
 265:Core/Src/main.c ****   while (1)
 715              		.loc 1 265 9 view .LVU156
 716 0002 FEE7     		b	.L35
ARM GAS  C:\Users\danie\AppData\Local\Temp\ccdYmbdr.s 			page 22


 717              		.cfi_endproc
 718              	.LFE135:
 720              		.section	.text.SystemClock_Config,"ax",%progbits
 721              		.align	1
 722              		.global	SystemClock_Config
 723              		.syntax unified
 724              		.thumb
 725              		.thumb_func
 727              	SystemClock_Config:
 728              	.LFB131:
 142:Core/Src/main.c ****   RCC_OscInitTypeDef RCC_OscInitStruct = {0};
 729              		.loc 1 142 1 view -0
 730              		.cfi_startproc
 731              		@ args = 0, pretend = 0, frame = 80
 732              		@ frame_needed = 0, uses_anonymous_args = 0
 733 0000 00B5     		push	{lr}
 734              	.LCFI9:
 735              		.cfi_def_cfa_offset 4
 736              		.cfi_offset 14, -4
 737 0002 95B0     		sub	sp, sp, #84
 738              	.LCFI10:
 739              		.cfi_def_cfa_offset 88
 143:Core/Src/main.c ****   RCC_ClkInitTypeDef RCC_ClkInitStruct = {0};
 740              		.loc 1 143 3 view .LVU158
 143:Core/Src/main.c ****   RCC_ClkInitTypeDef RCC_ClkInitStruct = {0};
 741              		.loc 1 143 22 is_stmt 0 view .LVU159
 742 0004 3422     		movs	r2, #52
 743 0006 0021     		movs	r1, #0
 744 0008 07A8     		add	r0, sp, #28
 745 000a FFF7FEFF 		bl	memset
 746              	.LVL60:
 144:Core/Src/main.c **** 
 747              		.loc 1 144 3 is_stmt 1 view .LVU160
 144:Core/Src/main.c **** 
 748              		.loc 1 144 22 is_stmt 0 view .LVU161
 749 000e 0023     		movs	r3, #0
 750 0010 0293     		str	r3, [sp, #8]
 751 0012 0393     		str	r3, [sp, #12]
 752 0014 0493     		str	r3, [sp, #16]
 753 0016 0593     		str	r3, [sp, #20]
 754 0018 0693     		str	r3, [sp, #24]
 148:Core/Src/main.c ****   __HAL_PWR_VOLTAGESCALING_CONFIG(PWR_REGULATOR_VOLTAGE_SCALE3);
 755              		.loc 1 148 3 is_stmt 1 view .LVU162
 756              	.LBB22:
 148:Core/Src/main.c ****   __HAL_PWR_VOLTAGESCALING_CONFIG(PWR_REGULATOR_VOLTAGE_SCALE3);
 757              		.loc 1 148 3 view .LVU163
 758 001a 0093     		str	r3, [sp]
 148:Core/Src/main.c ****   __HAL_PWR_VOLTAGESCALING_CONFIG(PWR_REGULATOR_VOLTAGE_SCALE3);
 759              		.loc 1 148 3 view .LVU164
 760 001c 194A     		ldr	r2, .L42
 761 001e 116C     		ldr	r1, [r2, #64]
 762 0020 41F08051 		orr	r1, r1, #268435456
 763 0024 1164     		str	r1, [r2, #64]
 148:Core/Src/main.c ****   __HAL_PWR_VOLTAGESCALING_CONFIG(PWR_REGULATOR_VOLTAGE_SCALE3);
 764              		.loc 1 148 3 view .LVU165
 765 0026 126C     		ldr	r2, [r2, #64]
 766 0028 02F08052 		and	r2, r2, #268435456
ARM GAS  C:\Users\danie\AppData\Local\Temp\ccdYmbdr.s 			page 23


 767 002c 0092     		str	r2, [sp]
 148:Core/Src/main.c ****   __HAL_PWR_VOLTAGESCALING_CONFIG(PWR_REGULATOR_VOLTAGE_SCALE3);
 768              		.loc 1 148 3 view .LVU166
 769 002e 009A     		ldr	r2, [sp]
 770              	.LBE22:
 148:Core/Src/main.c ****   __HAL_PWR_VOLTAGESCALING_CONFIG(PWR_REGULATOR_VOLTAGE_SCALE3);
 771              		.loc 1 148 3 view .LVU167
 149:Core/Src/main.c **** 
 772              		.loc 1 149 3 view .LVU168
 773              	.LBB23:
 149:Core/Src/main.c **** 
 774              		.loc 1 149 3 view .LVU169
 775 0030 0193     		str	r3, [sp, #4]
 149:Core/Src/main.c **** 
 776              		.loc 1 149 3 view .LVU170
 777 0032 1549     		ldr	r1, .L42+4
 778 0034 0A68     		ldr	r2, [r1]
 779 0036 22F44042 		bic	r2, r2, #49152
 780 003a 42F48042 		orr	r2, r2, #16384
 781 003e 0A60     		str	r2, [r1]
 149:Core/Src/main.c **** 
 782              		.loc 1 149 3 view .LVU171
 783 0040 0A68     		ldr	r2, [r1]
 784 0042 02F44042 		and	r2, r2, #49152
 785 0046 0192     		str	r2, [sp, #4]
 149:Core/Src/main.c **** 
 786              		.loc 1 149 3 view .LVU172
 787 0048 019A     		ldr	r2, [sp, #4]
 788              	.LBE23:
 149:Core/Src/main.c **** 
 789              		.loc 1 149 3 view .LVU173
 154:Core/Src/main.c ****   RCC_OscInitStruct.HSIState = RCC_HSI_ON;
 790              		.loc 1 154 3 view .LVU174
 154:Core/Src/main.c ****   RCC_OscInitStruct.HSIState = RCC_HSI_ON;
 791              		.loc 1 154 36 is_stmt 0 view .LVU175
 792 004a 0222     		movs	r2, #2
 793 004c 0792     		str	r2, [sp, #28]
 155:Core/Src/main.c ****   RCC_OscInitStruct.HSICalibrationValue = RCC_HSICALIBRATION_DEFAULT;
 794              		.loc 1 155 3 is_stmt 1 view .LVU176
 155:Core/Src/main.c ****   RCC_OscInitStruct.HSICalibrationValue = RCC_HSICALIBRATION_DEFAULT;
 795              		.loc 1 155 30 is_stmt 0 view .LVU177
 796 004e 0122     		movs	r2, #1
 797 0050 0A92     		str	r2, [sp, #40]
 156:Core/Src/main.c ****   RCC_OscInitStruct.PLL.PLLState = RCC_PLL_NONE;
 798              		.loc 1 156 3 is_stmt 1 view .LVU178
 156:Core/Src/main.c ****   RCC_OscInitStruct.PLL.PLLState = RCC_PLL_NONE;
 799              		.loc 1 156 41 is_stmt 0 view .LVU179
 800 0052 1022     		movs	r2, #16
 801 0054 0B92     		str	r2, [sp, #44]
 157:Core/Src/main.c ****   if (HAL_RCC_OscConfig(&RCC_OscInitStruct) != HAL_OK)
 802              		.loc 1 157 3 is_stmt 1 view .LVU180
 157:Core/Src/main.c ****   if (HAL_RCC_OscConfig(&RCC_OscInitStruct) != HAL_OK)
 803              		.loc 1 157 34 is_stmt 0 view .LVU181
 804 0056 0D93     		str	r3, [sp, #52]
 158:Core/Src/main.c ****   {
 805              		.loc 1 158 3 is_stmt 1 view .LVU182
 158:Core/Src/main.c ****   {
ARM GAS  C:\Users\danie\AppData\Local\Temp\ccdYmbdr.s 			page 24


 806              		.loc 1 158 7 is_stmt 0 view .LVU183
 807 0058 07A8     		add	r0, sp, #28
 808 005a FFF7FEFF 		bl	HAL_RCC_OscConfig
 809              	.LVL61:
 158:Core/Src/main.c ****   {
 810              		.loc 1 158 6 discriminator 1 view .LVU184
 811 005e 68B9     		cbnz	r0, .L40
 165:Core/Src/main.c ****                               |RCC_CLOCKTYPE_PCLK1|RCC_CLOCKTYPE_PCLK2;
 812              		.loc 1 165 3 is_stmt 1 view .LVU185
 165:Core/Src/main.c ****                               |RCC_CLOCKTYPE_PCLK1|RCC_CLOCKTYPE_PCLK2;
 813              		.loc 1 165 31 is_stmt 0 view .LVU186
 814 0060 0F23     		movs	r3, #15
 815 0062 0293     		str	r3, [sp, #8]
 167:Core/Src/main.c ****   RCC_ClkInitStruct.AHBCLKDivider = RCC_SYSCLK_DIV1;
 816              		.loc 1 167 3 is_stmt 1 view .LVU187
 167:Core/Src/main.c ****   RCC_ClkInitStruct.AHBCLKDivider = RCC_SYSCLK_DIV1;
 817              		.loc 1 167 34 is_stmt 0 view .LVU188
 818 0064 0021     		movs	r1, #0
 819 0066 0391     		str	r1, [sp, #12]
 168:Core/Src/main.c ****   RCC_ClkInitStruct.APB1CLKDivider = RCC_HCLK_DIV1;
 820              		.loc 1 168 3 is_stmt 1 view .LVU189
 168:Core/Src/main.c ****   RCC_ClkInitStruct.APB1CLKDivider = RCC_HCLK_DIV1;
 821              		.loc 1 168 35 is_stmt 0 view .LVU190
 822 0068 0491     		str	r1, [sp, #16]
 169:Core/Src/main.c ****   RCC_ClkInitStruct.APB2CLKDivider = RCC_HCLK_DIV1;
 823              		.loc 1 169 3 is_stmt 1 view .LVU191
 169:Core/Src/main.c ****   RCC_ClkInitStruct.APB2CLKDivider = RCC_HCLK_DIV1;
 824              		.loc 1 169 36 is_stmt 0 view .LVU192
 825 006a 0591     		str	r1, [sp, #20]
 170:Core/Src/main.c **** 
 826              		.loc 1 170 3 is_stmt 1 view .LVU193
 170:Core/Src/main.c **** 
 827              		.loc 1 170 36 is_stmt 0 view .LVU194
 828 006c 0691     		str	r1, [sp, #24]
 172:Core/Src/main.c ****   {
 829              		.loc 1 172 3 is_stmt 1 view .LVU195
 172:Core/Src/main.c ****   {
 830              		.loc 1 172 7 is_stmt 0 view .LVU196
 831 006e 02A8     		add	r0, sp, #8
 832 0070 FFF7FEFF 		bl	HAL_RCC_ClockConfig
 833              	.LVL62:
 172:Core/Src/main.c ****   {
 834              		.loc 1 172 6 discriminator 1 view .LVU197
 835 0074 20B9     		cbnz	r0, .L41
 176:Core/Src/main.c **** 
 836              		.loc 1 176 1 view .LVU198
 837 0076 15B0     		add	sp, sp, #84
 838              	.LCFI11:
 839              		.cfi_remember_state
 840              		.cfi_def_cfa_offset 4
 841              		@ sp needed
 842 0078 5DF804FB 		ldr	pc, [sp], #4
 843              	.L40:
 844              	.LCFI12:
 845              		.cfi_restore_state
 160:Core/Src/main.c ****   }
 846              		.loc 1 160 5 is_stmt 1 view .LVU199
ARM GAS  C:\Users\danie\AppData\Local\Temp\ccdYmbdr.s 			page 25


 847 007c FFF7FEFF 		bl	Error_Handler
 848              	.LVL63:
 849              	.L41:
 174:Core/Src/main.c ****   }
 850              		.loc 1 174 5 view .LVU200
 851 0080 FFF7FEFF 		bl	Error_Handler
 852              	.LVL64:
 853              	.L43:
 854              		.align	2
 855              	.L42:
 856 0084 00380240 		.word	1073887232
 857 0088 00700040 		.word	1073770496
 858              		.cfi_endproc
 859              	.LFE131:
 861              		.section	.text.main,"ax",%progbits
 862              		.align	1
 863              		.global	main
 864              		.syntax unified
 865              		.thumb
 866              		.thumb_func
 868              	main:
 869              	.LFB130:
  71:Core/Src/main.c ****   /* USER CODE BEGIN 1 */
 870              		.loc 1 71 1 view -0
 871              		.cfi_startproc
 872              		@ Volatile: function does not return.
 873              		@ args = 0, pretend = 0, frame = 0
 874              		@ frame_needed = 0, uses_anonymous_args = 0
 875 0000 08B5     		push	{r3, lr}
 876              	.LCFI13:
 877              		.cfi_def_cfa_offset 8
 878              		.cfi_offset 3, -8
 879              		.cfi_offset 14, -4
  79:Core/Src/main.c **** 
 880              		.loc 1 79 3 view .LVU202
 881 0002 FFF7FEFF 		bl	HAL_Init
 882              	.LVL65:
  86:Core/Src/main.c **** 
 883              		.loc 1 86 3 view .LVU203
 884 0006 FFF7FEFF 		bl	SystemClock_Config
 885              	.LVL66:
  93:Core/Src/main.c ****   /* USER CODE BEGIN 2 */
 886              		.loc 1 93 3 view .LVU204
 887 000a FFF7FEFF 		bl	MX_GPIO_Init
 888              	.LVL67:
  96:Core/Src/main.c ****   //TODO: Record the start time
 889              		.loc 1 96 5 view .LVU205
 890 000e 184C     		ldr	r4, .L47
 891 0010 0122     		movs	r2, #1
 892 0012 1146     		mov	r1, r2
 893 0014 2046     		mov	r0, r4
 894 0016 FFF7FEFF 		bl	HAL_GPIO_WritePin
 895              	.LVL68:
  98:Core/Src/main.c **** 
 896              		.loc 1 98 3 view .LVU206
  98:Core/Src/main.c **** 
 897              		.loc 1 98 14 is_stmt 0 view .LVU207
ARM GAS  C:\Users\danie\AppData\Local\Temp\ccdYmbdr.s 			page 26


 898 001a FFF7FEFF 		bl	HAL_GetTick
 899              	.LVL69:
  98:Core/Src/main.c **** 
 900              		.loc 1 98 13 discriminator 1 view .LVU208
 901 001e 154D     		ldr	r5, .L47+4
 902 0020 2860     		str	r0, [r5]
 101:Core/Src/main.c **** 
 903              		.loc 1 101 3 is_stmt 1 view .LVU209
 101:Core/Src/main.c **** 
 904              		.loc 1 101 14 is_stmt 0 view .LVU210
 905 0022 154B     		ldr	r3, .L47+8
 906 0024 1869     		ldr	r0, [r3, #16]
 907 0026 4FF46172 		mov	r2, #900
 908 002a 0146     		mov	r1, r0
 909 002c FFF7FEFF 		bl	calculate_mandelbrot_fixed_point_arithmetic
 910              	.LVL70:
 101:Core/Src/main.c **** 
 911              		.loc 1 101 12 discriminator 1 view .LVU211
 912 0030 124B     		ldr	r3, .L47+12
 913 0032 C3E90001 		strd	r0, [r3]
 104:Core/Src/main.c **** 
 914              		.loc 1 104 3 is_stmt 1 view .LVU212
 104:Core/Src/main.c **** 
 915              		.loc 1 104 12 is_stmt 0 view .LVU213
 916 0036 FFF7FEFF 		bl	HAL_GetTick
 917              	.LVL71:
 104:Core/Src/main.c **** 
 918              		.loc 1 104 11 discriminator 1 view .LVU214
 919 003a 114B     		ldr	r3, .L47+16
 920 003c 1860     		str	r0, [r3]
 107:Core/Src/main.c **** 
 921              		.loc 1 107 3 is_stmt 1 view .LVU215
 107:Core/Src/main.c **** 
 922              		.loc 1 107 27 is_stmt 0 view .LVU216
 923 003e 2B68     		ldr	r3, [r5]
 924 0040 C01A     		subs	r0, r0, r3
 107:Core/Src/main.c **** 
 925              		.loc 1 107 17 view .LVU217
 926 0042 104B     		ldr	r3, .L47+20
 927 0044 1860     		str	r0, [r3]
 110:Core/Src/main.c **** 
 928              		.loc 1 110 3 is_stmt 1 view .LVU218
 929 0046 0122     		movs	r2, #1
 930 0048 0221     		movs	r1, #2
 931 004a 2046     		mov	r0, r4
 932 004c FFF7FEFF 		bl	HAL_GPIO_WritePin
 933              	.LVL72:
 113:Core/Src/main.c ****   //TODO: Turn off the LEDs
 934              		.loc 1 113 3 view .LVU219
 935 0050 4FF47A70 		mov	r0, #1000
 936 0054 FFF7FEFF 		bl	HAL_Delay
 937              	.LVL73:
 115:Core/Src/main.c ****   HAL_GPIO_WritePin(GPIOB, GPIO_PIN_1, GPIO_PIN_RESET);
 938              		.loc 1 115 3 view .LVU220
 939 0058 0022     		movs	r2, #0
 940 005a 0121     		movs	r1, #1
 941 005c 2046     		mov	r0, r4
ARM GAS  C:\Users\danie\AppData\Local\Temp\ccdYmbdr.s 			page 27


 942 005e FFF7FEFF 		bl	HAL_GPIO_WritePin
 943              	.LVL74:
 116:Core/Src/main.c ****   /* USER CODE END 2 */
 944              		.loc 1 116 3 view .LVU221
 945 0062 0022     		movs	r2, #0
 946 0064 0221     		movs	r1, #2
 947 0066 2046     		mov	r0, r4
 948 0068 FFF7FEFF 		bl	HAL_GPIO_WritePin
 949              	.LVL75:
 950              	.L45:
 121:Core/Src/main.c ****   {
 951              		.loc 1 121 3 view .LVU222
 133:Core/Src/main.c ****   /* USER CODE END 3 */
 952              		.loc 1 133 3 view .LVU223
 121:Core/Src/main.c ****   {
 953              		.loc 1 121 9 view .LVU224
 954 006c FEE7     		b	.L45
 955              	.L48:
 956 006e 00BF     		.align	2
 957              	.L47:
 958 0070 00040240 		.word	1073873920
 959 0074 00000000 		.word	start_time
 960 0078 00000000 		.word	side_length
 961 007c 00000000 		.word	checksum
 962 0080 00000000 		.word	end_time
 963 0084 00000000 		.word	execution_time
 964              		.cfi_endproc
 965              	.LFE130:
 967              		.global	side_length
 968              		.section	.data.side_length,"aw"
 969              		.align	2
 972              	side_length:
 973 0000 80000000 		.word	128
 974 0004 A0000000 		.word	160
 975 0008 C0000000 		.word	192
 976 000c E0000000 		.word	224
 977 0010 00010000 		.word	256
 978              		.global	execution_time
 979              		.section	.bss.execution_time,"aw",%nobits
 980              		.align	2
 983              	execution_time:
 984 0000 00000000 		.space	4
 985              		.global	checksum
 986              		.section	.bss.checksum,"aw",%nobits
 987              		.align	3
 990              	checksum:
 991 0000 00000000 		.space	8
 991      00000000 
 992              		.global	end_time
 993              		.section	.bss.end_time,"aw",%nobits
 994              		.align	2
 997              	end_time:
 998 0000 00000000 		.space	4
 999              		.global	start_time
 1000              		.section	.bss.start_time,"aw",%nobits
 1001              		.align	2
 1004              	start_time:
ARM GAS  C:\Users\danie\AppData\Local\Temp\ccdYmbdr.s 			page 28


 1005 0000 00000000 		.space	4
 1006              		.text
 1007              	.Letext0:
 1008              		.file 3 "C:\\ST\\STM32CubeIDE_1.19.0\\STM32CubeIDE\\plugins\\com.st.stm32cube.ide.mcu.externaltool
 1009              		.file 4 "C:\\ST\\STM32CubeIDE_1.19.0\\STM32CubeIDE\\plugins\\com.st.stm32cube.ide.mcu.externaltool
 1010              		.file 5 "Drivers/CMSIS/Device/ST/STM32F4xx/Include/stm32f446xx.h"
 1011              		.file 6 "Drivers/STM32F4xx_HAL_Driver/Inc/stm32f4xx_hal_def.h"
 1012              		.file 7 "Drivers/STM32F4xx_HAL_Driver/Inc/stm32f4xx_hal_rcc_ex.h"
 1013              		.file 8 "Drivers/STM32F4xx_HAL_Driver/Inc/stm32f4xx_hal_rcc.h"
 1014              		.file 9 "Drivers/STM32F4xx_HAL_Driver/Inc/stm32f4xx_hal_gpio.h"
 1015              		.file 10 "Drivers/STM32F4xx_HAL_Driver/Inc/stm32f4xx_hal.h"
 1016              		.file 11 "<built-in>"
ARM GAS  C:\Users\danie\AppData\Local\Temp\ccdYmbdr.s 			page 29


DEFINED SYMBOLS
                            *ABS*:00000000 main.c
C:\Users\danie\AppData\Local\Temp\ccdYmbdr.s:21     .text.MX_GPIO_Init:00000000 $t
C:\Users\danie\AppData\Local\Temp\ccdYmbdr.s:26     .text.MX_GPIO_Init:00000000 MX_GPIO_Init
C:\Users\danie\AppData\Local\Temp\ccdYmbdr.s:101    .text.MX_GPIO_Init:0000004c $d
C:\Users\danie\AppData\Local\Temp\ccdYmbdr.s:108    .text.calculate_mandelbrot_fixed_point_arithmetic:00000000 $t
C:\Users\danie\AppData\Local\Temp\ccdYmbdr.s:114    .text.calculate_mandelbrot_fixed_point_arithmetic:00000000 calculate_mandelbrot_fixed_point_arithmetic
C:\Users\danie\AppData\Local\Temp\ccdYmbdr.s:398    .text.calculate_mandelbrot_double:00000000 $t
C:\Users\danie\AppData\Local\Temp\ccdYmbdr.s:404    .text.calculate_mandelbrot_double:00000000 calculate_mandelbrot_double
C:\Users\danie\AppData\Local\Temp\ccdYmbdr.s:675    .text.calculate_mandelbrot_double:00000158 $d
C:\Users\danie\AppData\Local\Temp\ccdYmbdr.s:683    .text.Error_Handler:00000000 $t
C:\Users\danie\AppData\Local\Temp\ccdYmbdr.s:689    .text.Error_Handler:00000000 Error_Handler
C:\Users\danie\AppData\Local\Temp\ccdYmbdr.s:721    .text.SystemClock_Config:00000000 $t
C:\Users\danie\AppData\Local\Temp\ccdYmbdr.s:727    .text.SystemClock_Config:00000000 SystemClock_Config
C:\Users\danie\AppData\Local\Temp\ccdYmbdr.s:856    .text.SystemClock_Config:00000084 $d
C:\Users\danie\AppData\Local\Temp\ccdYmbdr.s:862    .text.main:00000000 $t
C:\Users\danie\AppData\Local\Temp\ccdYmbdr.s:868    .text.main:00000000 main
C:\Users\danie\AppData\Local\Temp\ccdYmbdr.s:958    .text.main:00000070 $d
C:\Users\danie\AppData\Local\Temp\ccdYmbdr.s:1004   .bss.start_time:00000000 start_time
C:\Users\danie\AppData\Local\Temp\ccdYmbdr.s:972    .data.side_length:00000000 side_length
C:\Users\danie\AppData\Local\Temp\ccdYmbdr.s:990    .bss.checksum:00000000 checksum
C:\Users\danie\AppData\Local\Temp\ccdYmbdr.s:997    .bss.end_time:00000000 end_time
C:\Users\danie\AppData\Local\Temp\ccdYmbdr.s:983    .bss.execution_time:00000000 execution_time
C:\Users\danie\AppData\Local\Temp\ccdYmbdr.s:969    .data.side_length:00000000 $d
C:\Users\danie\AppData\Local\Temp\ccdYmbdr.s:980    .bss.execution_time:00000000 $d
C:\Users\danie\AppData\Local\Temp\ccdYmbdr.s:987    .bss.checksum:00000000 $d
C:\Users\danie\AppData\Local\Temp\ccdYmbdr.s:994    .bss.end_time:00000000 $d
C:\Users\danie\AppData\Local\Temp\ccdYmbdr.s:1001   .bss.start_time:00000000 $d

UNDEFINED SYMBOLS
HAL_GPIO_WritePin
HAL_GPIO_Init
__aeabi_ldivmod
__aeabi_i2d
__aeabi_ddiv
__aeabi_dmul
__aeabi_dsub
__aeabi_dadd
__aeabi_dcmple
memset
HAL_RCC_OscConfig
HAL_RCC_ClockConfig
HAL_Init
HAL_GetTick
HAL_Delay
